The chain is shorter than 50 times the integrated autocorrelation time for 7 parameter(s). Use this estimate with caution and run a longer chain!
N/50 = 30;
tau: [ 56.38380951  59.9367798  165.54296605 152.64542939  61.55888629
  59.61714237  73.15953406]
The chain is shorter than 50 times the integrated autocorrelation time for 2 parameter(s). Use this estimate with caution and run a longer chain!
N/50 = 120;
tau: [ 87.13675066  96.53215046 218.732112   235.37935208  88.14384603
 102.23658165  98.14217807]
The chain is shorter than 50 times the integrated autocorrelation time for 7 parameter(s). Use this estimate with caution and run a longer chain!
N/50 = 30;
tau: [ 62.78889371  65.39561377 162.33938835 160.55902142  67.92052224
  58.34691881  59.67420809]
The chain is shorter than 50 times the integrated autocorrelation time for 2 parameter(s). Use this estimate with caution and run a longer chain!
N/50 = 120;
tau: [109.69527418  88.53811068 238.10916365 288.9911002   91.55259976
 100.89308309  89.75822276]
The chain is shorter than 50 times the integrated autocorrelation time for 7 parameter(s). Use this estimate with caution and run a longer chain!
N/50 = 30;
tau: [ 58.04263201  62.62421703 154.95067633 148.82086385  65.3587144
  58.10251416  65.16739624]
The chain is shorter than 50 times the integrated autocorrelation time for 2 parameter(s). Use this estimate with caution and run a longer chain!
N/50 = 120;
tau: [ 91.7285947   89.72393865 238.86647982 288.38510216 105.88967712
  95.49979723  86.5869541 ]
The chain is shorter than 50 times the integrated autocorrelation time for 7 parameter(s). Use this estimate with caution and run a longer chain!
N/50 = 30;
tau: [ 59.04719791  67.13234811 159.98739325 158.94013443  60.50659114
  68.7240049   73.39219805]
The chain is shorter than 50 times the integrated autocorrelation time for 2 parameter(s). Use this estimate with caution and run a longer chain!
N/50 = 120;
tau: [ 90.46769854  99.73614312 317.65153378 248.97080902  99.53654241
  82.58200474 110.14126883]
The chain is shorter than 50 times the integrated autocorrelation time for 7 parameter(s). Use this estimate with caution and run a longer chain!
N/50 = 30;
tau: [ 52.99312545  65.73075396 160.95940035 156.96100469  57.16651277
  73.29606555  78.5437823 ]
The chain is shorter than 50 times the integrated autocorrelation time for 2 parameter(s). Use this estimate with caution and run a longer chain!
N/50 = 120;
tau: [ 97.61486478  85.97807848 185.06971956 304.75588884  86.74203908
  97.64223285  97.96954269]
The chain is shorter than 50 times the integrated autocorrelation time for 7 parameter(s). Use this estimate with caution and run a longer chain!
N/50 = 30;
tau: [ 58.7799012   52.49410175 167.24462388 165.5050663   55.76880326
  61.9048995   58.84479173]
The chain is shorter than 50 times the integrated autocorrelation time for 2 parameter(s). Use this estimate with caution and run a longer chain!
N/50 = 120;
tau: [103.27487568  92.00351118 200.23492287 197.86571474  93.68944518
  95.67436352  95.66873743]
The chain is shorter than 50 times the integrated autocorrelation time for 7 parameter(s). Use this estimate with caution and run a longer chain!
N/50 = 30;
tau: [ 68.04557567  59.97452416 160.20815144 163.11348941  61.69443042
  56.53564106  61.0107434 ]
The chain is shorter than 50 times the integrated autocorrelation time for 2 parameter(s). Use this estimate with caution and run a longer chain!
N/50 = 120;
tau: [ 93.9372424   97.7355893  180.37168685 217.83802248  88.73687445
  98.33159243  93.78055587]
The chain is shorter than 50 times the integrated autocorrelation time for 7 parameter(s). Use this estimate with caution and run a longer chain!
N/50 = 30;
tau: [ 70.92913719  74.83083641 154.84474492 160.0361266   58.17971961
  64.11164191  69.57061185]
The chain is shorter than 50 times the integrated autocorrelation time for 2 parameter(s). Use this estimate with caution and run a longer chain!
N/50 = 120;
tau: [105.12961036 111.8547298  204.16190113 240.1869098  106.78718632
 103.94589216 100.36423584]
The chain is shorter than 50 times the integrated autocorrelation time for 7 parameter(s). Use this estimate with caution and run a longer chain!
N/50 = 30;
tau: [ 57.24747873  61.11432693 159.63972492 168.43376804  59.61238438
  71.74507882  63.60536504]
The chain is shorter than 50 times the integrated autocorrelation time for 2 parameter(s). Use this estimate with caution and run a longer chain!
N/50 = 120;
tau: [ 85.22276547  98.77890621 220.67216163 195.39711338  92.81469968
  98.15883942  92.2575252 ]
The chain is shorter than 50 times the integrated autocorrelation time for 7 parameter(s). Use this estimate with caution and run a longer chain!
N/50 = 30;
tau: [ 68.00513357  71.44766232 167.47421302 161.44813707  65.91316838
  57.00196055  68.66228398]
The chain is shorter than 50 times the integrated autocorrelation time for 2 parameter(s). Use this estimate with caution and run a longer chain!
N/50 = 120;
tau: [ 89.06992697  99.93479816 245.16115208 249.24647559  95.11109304
 112.44981152  90.31332006]
The chain is shorter than 50 times the integrated autocorrelation time for 7 parameter(s). Use this estimate with caution and run a longer chain!
N/50 = 30;
tau: [ 63.49627659  63.3488165  165.36788539 165.98690042  67.39335122
  63.25918183  67.90803908]
The chain is shorter than 50 times the integrated autocorrelation time for 2 parameter(s). Use this estimate with caution and run a longer chain!
N/50 = 120;
tau: [107.33470997 109.00991791 235.33822022 264.7917357  109.98025949
 108.95081049 101.7476748 ]
The chain is shorter than 50 times the integrated autocorrelation time for 7 parameter(s). Use this estimate with caution and run a longer chain!
N/50 = 30;
tau: [100.37188519 144.56323008  76.67985399 159.50600333  81.50836426
  75.58856837  87.33005328]
The chain is shorter than 50 times the integrated autocorrelation time for 7 parameter(s). Use this estimate with caution and run a longer chain!
N/50 = 120;
tau: [155.91147692 150.18692644 133.74595668 264.88125833 158.44072472
 121.93067667 144.20266836]
The chain is shorter than 50 times the integrated autocorrelation time for 7 parameter(s). Use this estimate with caution and run a longer chain!
N/50 = 30;
tau: [ 74.04349183  86.51853025 171.28980246 172.17287221 164.99293678
  87.0445686   75.98711333]
The chain is shorter than 50 times the integrated autocorrelation time for 7 parameter(s). Use this estimate with caution and run a longer chain!
N/50 = 120;
tau: [135.20584055 155.16366275 192.04733774 216.81200865 173.24554768
 156.49885364 143.13015048]
再現性シード固定: np.random.seed(42)
実測露出マップ読み込み中...
イベントデータ読み込み中...
NFW J-factorマップ計算中(数分)...
  NFW校正: norm=2.2847e-15 (基準: b=-59.5°, flux=6.803e-14 ph/cm2/s/sr/MeV, exposure=5.501e+11 cm2s)
バブルテンプレート構築中(Bin3基準、正負2成分+Gaussian smoothing)...
  バブルテンプレート構築(正負2成分): Bin3 (4.31 GeV)
    有効ピクセル数(|b|>=10, ROI全域): 12000 | 正の残差ピクセル: 12937 | 負の残差ピクセル: 12959
Loop I幾何シェルテンプレート計算中(2シェル視線積分)...

--- Bin01 (1.51 GeV) ---
  イベント数: 2286646
  点源マスク: 1375ピクセル除外 / |b|<10除外込みで有効ピクセル数=10625
  f_gas=1.133  f_ics=1.47  f_halo=284.3  ΔlnL=135.30  有意度=16.45σ  凸性fun_spread(max)=1.86e-09  τ_max=235.37935208184803  50τ充足=False

--- Bin02 (2.55 GeV) ---
  イベント数: 1161203
  点源マスク: 1375ピクセル除外 / |b|<10除外込みで有効ピクセル数=10625
  f_gas=1.217  f_ics=1.255  f_halo=172.1  ΔlnL=345.66  有意度=26.29σ  凸性fun_spread(max)=4.66e-10  τ_max=288.99110020062307  50τ充足=False

--- Bin03 (4.31 GeV) ---
  イベント数: 556297
  点源マスク: 1375ピクセル除外 / |b|<10除外込みで有効ピクセル数=10625
  f_gas=1.307  f_ics=1.154  f_halo=77.75  ΔlnL=457.02  有意度=30.23σ  凸性fun_spread(max)=6.98e-10  τ_max=288.3851021600594  50τ充足=False

--- Bin04 (7.28 GeV) ---
  イベント数: 259646
  点源マスク: 1375ピクセル除外 / |b|<10除外込みで有効ピクセル数=10625
  f_gas=1.387  f_ics=0.8197  f_halo=35.26  ΔlnL=598.23  有意度=34.59σ  凸性fun_spread(max)=5.82e-11  τ_max=317.6515337816475  50τ充足=False

--- Bin05 (12.29 GeV) ---
  イベント数: 122684
  点源マスク: 1375ピクセル除外 / |b|<10除外込みで有効ピクセル数=10625
  f_gas=1.449  f_ics=0.693  f_halo=12.96  ΔlnL=511.11  有意度=31.97σ  凸性fun_spread(max)=5.82e-11  τ_max=304.75588883582736  50τ充足=False

--- Bin06 (20.76 GeV) ---
  イベント数: 56533
  点源マスク: 1375ピクセル除外 / |b|<10除外込みで有効ピクセル数=10625
  f_gas=1.475  f_ics=0.4547  f_halo=4.496  ΔlnL=394.87  有意度=28.10σ  凸性fun_spread(max)=1.09e-11  τ_max=200.2349228678503  50τ充足=False

--- Bin07 (35.06 GeV) ---
  イベント数: 27563
  点源マスク: 1375ピクセル除外 / |b|<10除外込みで有効ピクセル数=10625
  f_gas=1.648  f_ics=0.568  f_halo=1.341  ΔlnL=217.39  有意度=20.85σ  凸性fun_spread(max)=4.55e-13  τ_max=217.83802248285338  50τ充足=False

--- Bin08 (59.22 GeV) ---
  イベント数: 12504
  点源マスク: 1375ピクセル除外 / |b|<10除外込みで有効ピクセル数=10625
  f_gas=1.925  f_ics=0.1368  f_halo=0.3835  ΔlnL=119.79  有意度=15.48σ  凸性fun_spread(max)=0.00e+00  τ_max=240.18690980061578  50τ充足=False

--- Bin09 (100.02 GeV) ---
  イベント数: 5468
  点源マスク: 1375ピクセル除外 / |b|<10除外込みで有効ピクセル数=10625
  f_gas=1.833  f_ics=0.7128  f_halo=0.09712  ΔlnL=47.23  有意度=9.72σ  凸性fun_spread(max)=0.00e+00  τ_max=220.67216163366555  50τ充足=False

--- Bin10 (168.93 GeV) ---
  イベント数: 2471
  点源マスク: 1375ピクセル除外 / |b|<10除外込みで有効ピクセル数=10625
  f_gas=1.198  f_ics=1.217  f_halo=0.02571  ΔlnL=22.51  有意度=6.71σ  凸性fun_spread(max)=9.09e-13  τ_max=249.24647558863936  50τ充足=False

--- Bin11 (285.33 GeV) ---
  イベント数: 1128
  点源マスク: 1375ピクセル除外 / |b|<10除外込みで有効ピクセル数=10625
  f_gas=2.373  f_ics=1.831  f_halo=0.003167  ΔlnL=1.98  有意度=1.99σ  凸性fun_spread(max)=2.34e-10  τ_max=264.7917356997461  50τ充足=False

--- Bin12 (481.93 GeV) ---
  イベント数: 528
  点源マスク: 1375ピクセル除外 / |b|<10除外込みで有効ピクセル数=10625
  f_gas=4.207  f_ics=1.482  f_halo=0.0006968  ΔlnL=1.04  有意度=1.44σ  凸性fun_spread(max)=2.50e-12  τ_max=264.8812583251401  50τ充足=False

--- Bin13 (814.00 GeV) ---
  イベント数: 250
  点源マスク: 1375ピクセル除外 / |b|<10除外込みで有効ピクセル数=10625
  f_gas=1.976  f_ics=8.344  f_halo=0.0002339  ΔlnL=0.13  有意度=0.52σ  凸性fun_spread(max)=3.74e+03  τ_max=216.81200865363465  50τ充足=False

→ /home/arsei/univ/nakamura-darkmatter/results/mcmc_allbins_gasICS_v2_cosb/halo_spectrum.png

→ /home/arsei/univ/nakamura-darkmatter/results/mcmc_allbins_gasICS_v2_cosb/halo_spectrum.json

完了。
