The chain is shorter than 50 times the integrated autocorrelation time for 8 parameter(s). Use this estimate with caution and run a longer chain!
N/50 = 30;
tau: [65.35536086 59.53694286 54.88501363 63.20723066 63.80248468 60.56093373
 66.67224522 54.38522015]
The chain is shorter than 50 times the integrated autocorrelation time for 2 parameter(s). Use this estimate with caution and run a longer chain!
N/50 = 88;
tau: [90.65893911 64.09752517 67.44504009 90.01162207 81.6583815  74.3709737
 74.39978595 77.77893304]
The chain is shorter than 50 times the integrated autocorrelation time for 8 parameter(s). Use this estimate with caution and run a longer chain!
N/50 = 30;
tau: [53.38121704 60.8388869  62.61959568 59.18473065 52.8065702  64.54695544
 55.94297527 61.07004287]
The chain is shorter than 50 times the integrated autocorrelation time for 8 parameter(s). Use this estimate with caution and run a longer chain!
N/50 = 30;
tau: [52.87409077 63.42073543 59.89638288 54.187708   63.15967514 67.35623771
 48.25019449 61.99178575]
The chain is shorter than 50 times the integrated autocorrelation time for 8 parameter(s). Use this estimate with caution and run a longer chain!
N/50 = 30;
tau: [61.70267265 58.84519632 66.78987939 63.21194566 58.32643697 56.13403018
 64.56501157 71.44122038]
The chain is shorter than 50 times the integrated autocorrelation time for 8 parameter(s). Use this estimate with caution and run a longer chain!
N/50 = 30;
tau: [53.71075578 73.94763771 62.39524826 59.32961887 64.38466421 62.3945285
 59.97573769 69.14224595]
The chain is shorter than 50 times the integrated autocorrelation time for 1 parameter(s). Use this estimate with caution and run a longer chain!
N/50 = 97;
tau: [ 83.84885198  80.98608998  87.39790445  86.01799429 103.08158415
  77.79483044  81.54572373  81.26462091]
The chain is shorter than 50 times the integrated autocorrelation time for 8 parameter(s). Use this estimate with caution and run a longer chain!
N/50 = 30;
tau: [ 60.90518729  77.42595339  72.0144454   70.34450634 140.27632579
  75.47722389  62.58001973  68.428542  ]
The chain is shorter than 50 times the integrated autocorrelation time for 1 parameter(s). Use this estimate with caution and run a longer chain!
N/50 = 120;
tau: [ 91.58462442 114.90526152  88.73483805 101.74912531 324.8855416
 102.24271175  90.04341093  93.6974684 ]
The chain is shorter than 50 times the integrated autocorrelation time for 8 parameter(s). Use this estimate with caution and run a longer chain!
N/50 = 30;
tau: [ 64.35623815  61.00347223  57.71130506  70.37952422 160.36272909
  56.85176297  68.14521799  69.17183913]
The chain is shorter than 50 times the integrated autocorrelation time for 2 parameter(s). Use this estimate with caution and run a longer chain!
N/50 = 120;
tau: [111.7294959   96.49820862 103.71419849 124.1270064  327.96994862
 111.77187435  93.41874701 109.11617105]
The chain is shorter than 50 times the integrated autocorrelation time for 8 parameter(s). Use this estimate with caution and run a longer chain!
N/50 = 30;
tau: [ 82.69979673  79.29349865  90.15524076 158.32136663 165.9715903
  70.60349991  78.12747481  87.18820501]
The chain is shorter than 50 times the integrated autocorrelation time for 7 parameter(s). Use this estimate with caution and run a longer chain!
N/50 = 120;
tau: [206.40539374 122.26154365 147.3824389  337.71816149 200.77622244
 124.13407049 118.80194388 132.40731098]
The chain is shorter than 50 times the integrated autocorrelation time for 8 parameter(s). Use this estimate with caution and run a longer chain!
N/50 = 30;
tau: [ 84.45391327  69.19340993  75.35932802  84.29767926 165.79273012
  66.12025974  67.21248182  62.90677761]
The chain is shorter than 50 times the integrated autocorrelation time for 1 parameter(s). Use this estimate with caution and run a longer chain!
N/50 = 120;
tau: [109.54550452  95.81983603  98.27224031 106.39878901 242.38888313
 106.58304933 104.8181986   91.03236418]
The chain is shorter than 50 times the integrated autocorrelation time for 8 parameter(s). Use this estimate with caution and run a longer chain!
N/50 = 30;
tau: [ 68.54597419  67.3852269   78.39039946  75.23397732 160.40209094
  63.93339915  63.37711708  70.89202496]
The chain is shorter than 50 times the integrated autocorrelation time for 2 parameter(s). Use this estimate with caution and run a longer chain!
N/50 = 120;
tau: [103.01994608 115.20899979  97.1831302  103.40548381 285.7503825
 120.2407598  115.2191641  107.57147023]
The chain is shorter than 50 times the integrated autocorrelation time for 8 parameter(s). Use this estimate with caution and run a longer chain!
N/50 = 30;
tau: [ 71.17469493  63.91428427  71.13883469  74.81455881 174.15923709
  60.93716659  72.94426053  62.04599939]
The chain is shorter than 50 times the integrated autocorrelation time for 3 parameter(s). Use this estimate with caution and run a longer chain!
N/50 = 120;
tau: [121.91571449  94.15485544 106.03355992 128.27121573 322.66663223
 106.79203565 117.52275121 103.21510517]
The chain is shorter than 50 times the integrated autocorrelation time for 8 parameter(s). Use this estimate with caution and run a longer chain!
N/50 = 30;
tau: [ 89.66100435  71.50645988 155.29402642  87.57797104 169.71918926
  80.80843559  78.25352483  76.951712  ]
The chain is shorter than 50 times the integrated autocorrelation time for 7 parameter(s). Use this estimate with caution and run a longer chain!
N/50 = 120;
tau: [137.18503317 171.68423726 541.59602469 118.47707027 227.51099208
 168.23539233 123.2807414  136.34314886]
The chain is shorter than 50 times the integrated autocorrelation time for 8 parameter(s). Use this estimate with caution and run a longer chain!
N/50 = 30;
tau: [134.80146048  80.86430604  95.09822653 177.35477651 163.33605771
 111.04676819  84.79474118  72.39401645]
The chain is shorter than 50 times the integrated autocorrelation time for 8 parameter(s). Use this estimate with caution and run a longer chain!
N/50 = 120;
tau: [248.08013497 145.27344643 150.58368971 315.60978793 241.24142998
 142.91350653 151.4077493  130.1796669 ]
再現性シード固定: np.random.seed(42)
尤度セル束ね(CELL_MODE)=False  f_halo符号自由(SIGNFREE_HALO)=True
  NONNEG_IDX=(0, 1, 2, 3, 4, 5)  SIGNFREE_IDX=(6, 7)  出力先=results/mcmc_allbins_gasICS_v6_isofree
実測露出マップ読み込み中...
イベントデータ読み込み中...
NFW J-factorマップ計算中(数分)...
  NFW校正: norm=2.2847e-15 (基準: b=-59.5°, flux=6.803e-14 ph/cm2/s/sr/MeV, exposure=5.501e+11 cm2s)
バブルテンプレート構築中(Bin3基準、正負2成分+Gaussian smoothing)...
  バブルテンプレート構築(正負2成分): Bin3 (4.31 GeV)
    バブル構築用GALPROP+GCEフィット: GALPROP+GCE(counts単位: A_gas=1.294, A_ics=2.27, A_gce=1.816, off=-7.9030)
    有効ピクセル数(|b|>=10, ROI全域): 12000 | 正の残差ピクセル: 12721 | 負の残差ピクセル: 12960
Loop I幾何シェルテンプレート計算中(2シェル視線積分)...

--- Bin01 (1.51 GeV) ---
  イベント数: 2286646
  点源マスク: 1375ピクセル除外 / |b|<10除外込みで有効ピクセル数=10625
  f_gas=1.084  f_ics=1.86  f_halo=724  ΔlnL=835.38  有意度=40.87σ  凸性fun_spread(max)=3.73e-08  τ_max=86.92912706739  50τ充足=True

--- Bin02 (2.55 GeV) ---
  イベント数: 1161203
  点源マスク: 1375ピクセル除外 / |b|<10除外込みで有効ピクセル数=10625
  f_gas=1.165  f_ics=1.616  f_halo=305.6  ΔlnL=1052.64  有意度=45.88σ  凸性fun_spread(max)=1.09e-07  τ_max=76.59180722473158  50τ充足=True

--- Bin03 (4.31 GeV) ---
  イベント数: 556297
  点源マスク: 1375ピクセル除外 / |b|<10除外込みで有効ピクセル数=10625
  f_gas=1.259  f_ics=1.446  f_halo=118.5  ΔlnL=1056.93  有意度=45.98σ  凸性fun_spread(max)=6.98e-10  τ_max=92.185567599084  50τ充足=True

--- Bin04 (7.28 GeV) ---
  イベント数: 259646
  点源マスク: 1375ピクセル除外 / |b|<10除外込みで有効ピクセル数=10625
  f_gas=1.336  f_ics=0.9823  f_halo=47.1  ΔlnL=1058.73  有意度=46.02σ  凸性fun_spread(max)=7.57e-10  τ_max=91.82190293017322  50τ充足=True

--- Bin05 (12.29 GeV) ---
  イベント数: 122684
  点源マスク: 1375ピクセル除外 / |b|<10除外込みで有効ピクセル数=10625
  f_gas=1.404  f_ics=0.7985  f_halo=16.33  ΔlnL=816.81  有意度=40.42σ  凸性fun_spread(max)=4.66e-10  τ_max=112.05262229621981  50τ充足=False

--- Bin06 (20.76 GeV) ---
  イベント数: 56533
  点源マスク: 1375ピクセル除外 / |b|<10除外込みで有効ピクセル数=10625
  f_gas=1.426  f_ics=0.5146  f_halo=5.4  ΔlnL=579.94  有意度=34.06σ  凸性fun_spread(max)=2.55e-11  τ_max=324.88554160353726  50τ充足=False

--- Bin07 (35.06 GeV) ---
  イベント数: 27563
  点源マスク: 1375ピクセル除外 / |b|<10除外込みで有効ピクセル数=10625
  f_gas=1.589  f_ics=0.6323  f_halo=1.638  ΔlnL=323.46  有意度=25.43σ  凸性fun_spread(max)=4.55e-13  τ_max=327.969948624103  50τ充足=False

--- Bin08 (59.22 GeV) ---
  イベント数: 12504
  点源マスク: 1375ピクセル除外 / |b|<10除外込みで有効ピクセル数=10625
  f_gas=1.865  f_ics=0.1732  f_halo=0.4619  ΔlnL=172.08  有意度=18.55σ  凸性fun_spread(max)=1.82e-12  τ_max=337.7181614919406  50τ充足=False

--- Bin09 (100.02 GeV) ---
  イベント数: 5468
  点源マスク: 1375ピクセル除外 / |b|<10除外込みで有効ピクセル数=10625
  f_gas=1.774  f_ics=0.8802  f_halo=0.1165  ΔlnL=69.21  有意度=11.77σ  凸性fun_spread(max)=1.09e-11  τ_max=242.38888313356375  50τ充足=False

--- Bin10 (168.93 GeV) ---
  イベント数: 2471
  点源マスク: 1375ピクセル除外 / |b|<10除外込みで有効ピクセル数=10625
  f_gas=1.097  f_ics=1.095  f_halo=0.03201  ΔlnL=33.04  有意度=8.13σ  凸性fun_spread(max)=4.55e-12  τ_max=285.7503825047004  50τ充足=False

--- Bin11 (285.33 GeV) ---
  イベント数: 1128
  点源マスク: 1375ピクセル除外 / |b|<10除外込みで有効ピクセル数=10625
  f_gas=2.213  f_ics=2.113  f_halo=0.00505  ΔlnL=4.92  有意度=3.14σ  凸性fun_spread(max)=2.27e-12  τ_max=322.6666322345581  50τ充足=False

--- Bin12 (481.93 GeV) ---
  イベント数: 528
  点源マスク: 1375ピクセル除外 / |b|<10除外込みで有効ピクセル数=10625
  f_gas=3.885  f_ics=0.6884  f_halo=0.0009863  ΔlnL=1.87  有意度=1.93σ  凸性fun_spread(max)=8.54e+03  τ_max=541.5960246911499  50τ充足=False

--- Bin13 (814.00 GeV) ---
  イベント数: 250
  点源マスク: 1375ピクセル除外 / |b|<10除外込みで有効ピクセル数=10625
  f_gas=1.834  f_ics=6.715  f_halo=9.64e-05  ΔlnL=0.19  有意度=0.62σ  凸性fun_spread(max)=3.80e+03  τ_max=315.60978793226946  50τ充足=False

→ results/mcmc_allbins_gasICS_v6_isofree/halo_spectrum.png

→ results/mcmc_allbins_gasICS_v6_isofree/halo_spectrum.json

完了。
