The chain is shorter than 50 times the integrated autocorrelation time for 8 parameter(s). Use this estimate with caution and run a longer chain!
N/50 = 30;
tau: [70.01508654 77.10090013 77.08096892 71.83398108 65.77692011 58.35494768
 58.79588174 58.18371651]
The chain is shorter than 50 times the integrated autocorrelation time for 8 parameter(s). Use this estimate with caution and run a longer chain!
N/50 = 30;
tau: [66.03695591 62.69469903 60.49883993 65.98800909 58.8296521  61.01532376
 61.18744325 61.77457154]
The chain is shorter than 50 times the integrated autocorrelation time for 8 parameter(s). Use this estimate with caution and run a longer chain!
N/50 = 30;
tau: [58.64293377 62.13462674 67.14930649 59.56948021 61.51955745 62.31818877
 65.27591602 65.16961775]
The chain is shorter than 50 times the integrated autocorrelation time for 8 parameter(s). Use this estimate with caution and run a longer chain!
N/50 = 30;
tau: [57.08830582 54.600428   54.98218605 59.15042292 53.67926475 61.51626076
 54.5230455  55.82610396]
The chain is shorter than 50 times the integrated autocorrelation time for 3 parameter(s). Use this estimate with caution and run a longer chain!
N/50 = 82;
tau: [85.94542089 84.15966171 75.92381756 90.38970748 69.9348192  79.96673179
 75.09570199 77.38283993]
The chain is shorter than 50 times the integrated autocorrelation time for 8 parameter(s). Use this estimate with caution and run a longer chain!
N/50 = 30;
tau: [ 75.14717748  84.54075751  67.39071357  67.89755322 128.94253272
  72.21949335  80.67021418  71.89011763]
The chain is shorter than 50 times the integrated autocorrelation time for 1 parameter(s). Use this estimate with caution and run a longer chain!
N/50 = 120;
tau: [ 99.03353684  88.98323095 106.90097408  94.84861199 380.07151193
  96.88558581 101.3751877   93.95812986]
The chain is shorter than 50 times the integrated autocorrelation time for 8 parameter(s). Use this estimate with caution and run a longer chain!
N/50 = 30;
tau: [ 67.31326491  54.73495136  58.06886769  66.48030747 161.9996922
  66.96086264  69.11579749  67.72690321]
The chain is shorter than 50 times the integrated autocorrelation time for 1 parameter(s). Use this estimate with caution and run a longer chain!
N/50 = 120;
tau: [ 81.00164114  87.85827192  97.5944468   80.13254747 322.78040584
  92.34817553 115.94816722  92.86247045]
The chain is shorter than 50 times the integrated autocorrelation time for 8 parameter(s). Use this estimate with caution and run a longer chain!
N/50 = 30;
tau: [ 70.03449845  60.61978851  59.30712475  67.37890745 162.72300907
  53.2861699   70.45668511  66.86360522]
The chain is shorter than 50 times the integrated autocorrelation time for 1 parameter(s). Use this estimate with caution and run a longer chain!
N/50 = 120;
tau: [ 88.15441507 103.31730122  95.04275065  89.4502777  291.40489016
  90.9731167   85.95119081  97.72057203]
The chain is shorter than 50 times the integrated autocorrelation time for 8 parameter(s). Use this estimate with caution and run a longer chain!
N/50 = 30;
tau: [ 81.00245521  84.04522924 152.05901764 163.25274324 161.57221493
  72.11800378  66.37676061  78.70232512]
The chain is shorter than 50 times the integrated autocorrelation time for 8 parameter(s). Use this estimate with caution and run a longer chain!
N/50 = 120;
tau: [187.33213336 147.78374933 430.15001302 251.18717099 202.93366332
 133.24344395 127.38911934 125.80942258]
The chain is shorter than 50 times the integrated autocorrelation time for 8 parameter(s). Use this estimate with caution and run a longer chain!
N/50 = 30;
tau: [ 65.18204761  68.73804809  61.36063246  64.9634496  162.68256827
  76.96348134  78.34690875  63.8597948 ]
The chain is shorter than 50 times the integrated autocorrelation time for 2 parameter(s). Use this estimate with caution and run a longer chain!
N/50 = 120;
tau: [110.99796563 121.13166576 116.82762228 109.17454308 301.4710534
 115.24872161 108.78739826 116.3562354 ]
The chain is shorter than 50 times the integrated autocorrelation time for 8 parameter(s). Use this estimate with caution and run a longer chain!
N/50 = 30;
tau: [ 77.5788367   78.09478985  94.20963195  74.01293847 166.04431884
  72.90927391  71.26692651  72.73808371]
The chain is shorter than 50 times the integrated autocorrelation time for 3 parameter(s). Use this estimate with caution and run a longer chain!
N/50 = 120;
tau: [105.58687747 117.89147434 124.48719201 101.43729605 279.31127604
 113.77283877 129.12565403 113.35366986]
The chain is shorter than 50 times the integrated autocorrelation time for 8 parameter(s). Use this estimate with caution and run a longer chain!
N/50 = 30;
tau: [ 96.23186357  65.6224023   69.56491372  81.4370699  161.74768459
  65.21356748  64.33111204  76.20289891]
The chain is shorter than 50 times the integrated autocorrelation time for 2 parameter(s). Use this estimate with caution and run a longer chain!
N/50 = 120;
tau: [112.56193652 117.95137801 110.98277643 126.15320424 373.13643733
 103.99470321 110.4649811  114.11666479]
The chain is shorter than 50 times the integrated autocorrelation time for 8 parameter(s). Use this estimate with caution and run a longer chain!
N/50 = 30;
tau: [ 95.87238363  76.94060568 156.20527438  95.17265655 175.39931676
  77.00217993  87.7999098   74.73791285]
The chain is shorter than 50 times the integrated autocorrelation time for 8 parameter(s). Use this estimate with caution and run a longer chain!
N/50 = 120;
tau: [168.13985189 163.30301413 505.08100769 150.62024356 312.23357597
 139.72010401 142.98705298 128.79732885]
The chain is shorter than 50 times the integrated autocorrelation time for 8 parameter(s). Use this estimate with caution and run a longer chain!
N/50 = 30;
tau: [117.13925153  83.72046907  91.44516222 170.01191382 167.38303115
 167.98753226  79.5937921   76.41452874]
The chain is shorter than 50 times the integrated autocorrelation time for 8 parameter(s). Use this estimate with caution and run a longer chain!
N/50 = 120;
tau: [350.25873365 145.1554267  145.26824649 324.01388116 254.22156365
 458.73832863 201.87675848 150.73957606]
再現性シード固定: np.random.seed(42)
尤度セル束ね(CELL_MODE)=True  f_halo符号自由(SIGNFREE_HALO)=True
  NONNEG_IDX=(0, 1, 2, 3, 4, 5)  SIGNFREE_IDX=(6, 7)  出力先=results/mcmc_allbins_gasICS_v7_isofree_cell
実測露出マップ読み込み中...
イベントデータ読み込み中...
NFW J-factorマップ計算中(数分)...
  NFW校正: norm=2.2847e-15 (基準: b=-59.5°, flux=6.803e-14 ph/cm2/s/sr/MeV, exposure=5.501e+11 cm2s)
バブルテンプレート構築中(Bin3基準、正負2成分+Gaussian smoothing)...
  バブルテンプレート構築(正負2成分): Bin3 (4.31 GeV)
    バブル構築用GALPROP+GCEフィット: GALPROP+GCE(counts単位: A_gas=1.294, A_ics=2.27, A_gce=1.816, off=-7.9030)
    有効ピクセル数(|b|>=10, ROI全域): 12000 | 正の残差ピクセル: 12721 | 負の残差ピクセル: 12960
Loop I幾何シェルテンプレート計算中(2シェル視線積分)...

--- Bin01 (1.51 GeV) ---
  イベント数: 2286646
  点源マスク: 1375ピクセル除外 / |b|<10除外込みで有効ピクセル数=10625
  セル束ね: 有効セル数=120/144
  f_gas=1.14  f_ics=1.692  f_halo=754.9  ΔlnL=806.11  有意度=40.15σ  凸性fun_spread(max)=8.20e-08  τ_max=95.71870614981039  50τ充足=True

--- Bin02 (2.55 GeV) ---
  イベント数: 1161203
  点源マスク: 1375ピクセル除外 / |b|<10除外込みで有効ピクセル数=10625
  セル束ね: 有効セル数=120/144
  f_gas=1.212  f_ics=1.495  f_halo=317.1  ΔlnL=1008.58  有意度=44.91σ  凸性fun_spread(max)=1.02e-08  τ_max=89.92610321579234  50τ充足=True

--- Bin03 (4.31 GeV) ---
  イベント数: 556297
  点源マスク: 1375ピクセル除外 / |b|<10除外込みで有効ピクセル数=10625
  セル束ね: 有効セル数=120/144
  f_gas=1.288  f_ics=1.255  f_halo=122.5  ΔlnL=994.68  有意度=44.60σ  凸性fun_spread(max)=7.45e-09  τ_max=94.97654330541329  50τ充足=True

--- Bin04 (7.28 GeV) ---
  イベント数: 259646
  点源マスク: 1375ピクセル除外 / |b|<10除外込みで有効ピクセル数=10625
  セル束ね: 有効セル数=120/144
  f_gas=1.366  f_ics=0.9095  f_halo=48.28  ΔlnL=994.16  有意度=44.59σ  凸性fun_spread(max)=6.52e-09  τ_max=101.60781345979355  50τ充足=True

--- Bin05 (12.29 GeV) ---
  イベント数: 122684
  点源マスク: 1375ピクセル除外 / |b|<10除外込みで有効ピクセル数=10625
  セル束ね: 有効セル数=120/144
  f_gas=1.433  f_ics=0.7207  f_halo=16.84  ΔlnL=776.41  有意度=39.41σ  凸性fun_spread(max)=5.82e-10  τ_max=380.07151193114646  50τ充足=False

--- Bin06 (20.76 GeV) ---
  イベント数: 56533
  点源マスク: 1375ピクセル除外 / |b|<10除外込みで有効ピクセル数=10625
  セル束ね: 有効セル数=120/144
  f_gas=1.434  f_ics=0.4266  f_halo=5.549  ΔlnL=543.26  有意度=32.96σ  凸性fun_spread(max)=2.04e-10  τ_max=322.7804058373635  50τ充足=False

--- Bin07 (35.06 GeV) ---
  イベント数: 27563
  点源マスク: 1375ピクセル除外 / |b|<10除外込みで有効ピクセル数=10625
  セル束ね: 有効セル数=120/144
  f_gas=1.648  f_ics=0.5325  f_halo=1.672  ΔlnL=299.80  有意度=24.49σ  凸性fun_spread(max)=2.91e-11  τ_max=291.4048901613462  50τ充足=False

--- Bin08 (59.22 GeV) ---
  イベント数: 12504
  点源マスク: 1375ピクセル除外 / |b|<10除外込みで有効ピクセル数=10625
  セル束ね: 有効セル数=120/144
  f_gas=1.8  f_ics=0.112  f_halo=0.4785  ΔlnL=164.59  有意度=18.14σ  凸性fun_spread(max)=7.28e-12  τ_max=430.150013023195  50τ充足=False

--- Bin09 (100.02 GeV) ---
  イベント数: 5468
  点源マスク: 1375ピクセル除外 / |b|<10除外込みで有効ピクセル数=10625
  セル束ね: 有効セル数=120/144
  f_gas=1.922  f_ics=0.6799  f_halo=0.1145  ΔlnL=59.15  有意度=10.88σ  凸性fun_spread(max)=4.91e-11  τ_max=301.4710534014817  50τ充足=False

--- Bin10 (168.93 GeV) ---
  イベント数: 2471
  点源マスク: 1375ピクセル除外 / |b|<10除外込みで有効ピクセル数=10625
  セル束ね: 有効セル数=120/144
  f_gas=1.25  f_ics=0.5034  f_halo=0.03402  ΔlnL=34.72  有意度=8.33σ  凸性fun_spread(max)=1.91e-11  τ_max=279.3112760417066  50τ充足=False

--- Bin11 (285.33 GeV) ---
  イベント数: 1128
  点源マスク: 1375ピクセル除外 / |b|<10除外込みで有効ピクセル数=10625
  セル束ね: 有効セル数=120/144
  f_gas=2.409  f_ics=2.445  f_halo=0.004267  ΔlnL=3.27  有意度=2.56σ  凸性fun_spread(max)=2.15e+04  τ_max=373.13643732864205  50τ充足=False

--- Bin12 (481.93 GeV) ---
  イベント数: 528
  点源マスク: 1375ピクセル除外 / |b|<10除外込みで有効ピクセル数=10625
  セル束ね: 有効セル数=120/144
  f_gas=3.687  f_ics=0.7338  f_halo=0.001042  ΔlnL=1.59  有意度=1.78σ  凸性fun_spread(max)=1.05e+04  τ_max=505.0810076897043  50τ充足=False

--- Bin13 (814.00 GeV) ---
  イベント数: 250
  点源マスク: 1375ピクセル除外 / |b|<10除外込みで有効ピクセル数=10625
  セル束ね: 有効セル数=120/144
  f_gas=2.161  f_ics=7.566  f_halo=0.00019  ΔlnL=0.44  有意度=0.94σ  凸性fun_spread(max)=4.73e+03  τ_max=458.73832863334644  50τ充足=False

→ results/mcmc_allbins_gasICS_v7_isofree_cell/halo_spectrum.png

→ results/mcmc_allbins_gasICS_v7_isofree_cell/halo_spectrum.json

完了。
