2026-09-28 00:27:36,262 v20設定: PIXEL_DEG=0.125 CELL_MODE=True SIGNFREE_HALO=True ULTRACLEAN=True DISK_BUBBLE=True NDIM=9 出力先=results/regionAC_lrt_v20
2026-09-28 00:27:36,262 露出マップ読み込み中...
2026-09-28 00:27:36,607 NFW J-map計算中...
2026-09-28 00:27:37,210 バブル・Loop Iテンプレート構築中...
2026-09-28 00:27:43,489   構築用イベント数=15433292
2026-09-28 00:28:26,311 halo探索用イベント読み込み中...
2026-09-28 00:28:28,197   halo探索用イベント数=4850468
2026-09-28 00:28:32,858 Bin 1 (   1.51 GeV): f_halo A=+27.94 C=-535.2 shared=-44.73 | LRT=62.3 p=2.975e-15 equiv=7.89σ | spread=9.0e-04 ok=True (5s)
2026-09-28 00:28:32,858         [背景共有] halo A=-73.46 C=+150 共通=-108.1 | f_ics=1.785 | LRT=106 equiv=10.29σ spread=9.7e-08
2026-09-28 00:28:37,186 Bin 2 (   2.55 GeV): f_halo A=+53.02 C=-28.68 shared=+41.3 | LRT=9.33 p=2.256e-03 equiv=3.05σ | spread=1.2e-05 ok=True (4s)
2026-09-28 00:28:37,187         [背景共有] halo A=+34.21 C=+68.18 共通=+25.71 | f_ics=1.485 | LRT=17.9 equiv=4.24σ spread=3.4e-08
2026-09-28 00:28:41,952 Bin 3 (   4.31 GeV): f_halo A=+12 C=+16.69 shared=+12.52 | LRT=0.176 p=6.749e-01 equiv=0.42σ | spread=6.9e-04 ok=True (5s)
2026-09-28 00:28:41,952         [背景共有] halo A=+13.59 C=+13.25 共通=+13.64 | f_ics=1.495 | LRT=0.00997 equiv=0.10σ spread=1.7e-03
2026-09-28 00:28:48,054 Bin 4 (   7.28 GeV): f_halo A=+5.363 C=+18.64 shared=+7.045 | LRT=9.1 p=2.550e-03 equiv=3.02σ | spread=2.1e-05 ok=True (6s)
2026-09-28 00:28:48,054         [背景共有] halo A=+8.115 C=+3.705 共通=+8.84 | f_ics=1.158 | LRT=10.7 equiv=3.27σ spread=3.8e-07
2026-09-28 00:28:54,745 Bin 5 (  12.29 GeV): f_halo A=+2.117 C=+6.693 shared=+2.791 | LRT=8.68 p=3.209e-03 equiv=2.95σ | spread=6.4e-06 ok=True (7s)
2026-09-28 00:28:54,745         [背景共有] halo A=+3.407 C=+0.934 共通=+3.799 | f_ics=0.9612 | LRT=20.9 equiv=4.57σ spread=9.2e-07
2026-09-28 00:29:01,969 Bin 6 (  20.76 GeV): f_halo A=+0.8462 C=+2.579 shared=+1.062 | LRT=6.97 p=8.273e-03 equiv=2.64σ | spread=1.8e-01 ok=True (7s)
2026-09-28 00:29:01,969         [背景共有] halo A=+1.514 C=+0.8949 共通=+1.611 | f_ics=0.3918 | LRT=8.25 equiv=2.87σ spread=4.0e-07
2026-09-28 00:29:08,857 Bin 7 (  35.06 GeV): f_halo A=+0.4724 C=+0.7074 shared=+0.5364 | LRT=1.58 p=2.091e-01 equiv=1.26σ | spread=8.7e-01 ok=True (7s)
2026-09-28 00:29:08,857         [背景共有] halo A=+0.566 C=+0.2463 共通=+0.5949 | f_ics=0 | LRT=13.3 equiv=3.65σ spread=1.1e-08
2026-09-28 00:29:16,908 Bin 8 (  59.22 GeV): f_halo A=+0.1062 C=+0.2196 shared=+0.1113 | LRT=2.81 p=9.372e-02 equiv=1.68σ | spread=9.7e-01 ok=True (8s)
2026-09-28 00:29:16,908         [背景共有] halo A=+0.1193 C=+0.04338 共通=+0.1259 | f_ics=0 | LRT=4.5 equiv=2.12σ spread=1.3e-07
2026-09-28 00:29:24,013 Bin 9 ( 100.02 GeV): f_halo A=+0.02633 C=+0.02635 shared=+0.02633 | LRT=1.34e-06 p=9.991e-01 equiv=0.00σ | spread=3.1e-06 ok=True (7s)
2026-09-28 00:29:24,013         [背景共有] halo A=+0.03527 C=-0.009247 共通=+0.03899 | f_ics=0 | LRT=11 equiv=3.32σ spread=3.0e-08
2026-09-28 00:29:31,595 Bin10 ( 168.93 GeV): f_halo A=+0.01026 C=+0.02101 shared=+0.0111 | LRT=2.22 p=1.366e-01 equiv=1.49σ | spread=1.7e-11 ok=True (8s)
2026-09-28 00:29:31,595         [背景共有] halo A=+0.01208 C=+0.002293 共通=+0.01256 | f_ics=0 | LRT=4.84 equiv=2.20σ spread=5.9e-08
2026-09-28 00:29:41,638 Bin11 ( 285.33 GeV): f_halo A=+0.0001594 C=+0.001985 shared=+0.0003867 | LRT=0.252 p=6.155e-01 equiv=0.50σ | spread=1.3e-07 ok=True (10s)
2026-09-28 00:29:41,638         [背景共有] halo A=+0.000304 C=-0.0007172 共通=+0.001005 | f_ics=3.352 | LRT=0.609 equiv=0.78σ spread=3.7e-06
2026-09-28 00:29:49,173 Bin12 ( 481.93 GeV): f_halo A=-5.873e-05 C=-0.001241 shared=-0.0005798 | LRT=0.892 p=3.450e-01 equiv=0.94σ | spread=1.3e-12 ok=True (8s)
2026-09-28 00:29:49,173         [背景共有] halo A=+3.588e-05 C=-0.00081 共通=+0.0003072 | f_ics=3.168 | LRT=2.61 equiv=1.61σ spread=8.6e-13
2026-09-28 00:29:56,032 Bin13 ( 814.00 GeV): f_halo A=-0.0003573 C=-0.0002179 shared=-0.0003495 | LRT=0.164 p=6.858e-01 equiv=0.40σ | spread=4.0e-02 ok=True (7s)
2026-09-28 00:29:56,033         [背景共有] halo A=+4.682e-05 C=-0.000355 共通=+0.0001341 | f_ics=3.21 | LRT=2.93 equiv=1.71σ spread=7.6e-03
2026-09-28 00:29:56,048 → results/regionAC_lrt_v20/regionAC_lrt_v20.json
2026-09-28 00:29:56,048 完了: 13/13ビンでフィット成功、ΔlnL>=0 が 13/13、fun_spread<1e-6 が 3/13。
