2026-09-28 00:34:21,709 v20設定: PIXEL_DEG=0.125 CELL_MODE=True SIGNFREE_HALO=True ULTRACLEAN=True DISK_BUBBLE=True NDIM=9 出力先=results/regionAC_lrt_v20_fullroi
2026-09-28 00:34:21,709 露出マップ読み込み中...
2026-09-28 00:34:22,009 NFW J-map計算中...
2026-09-28 00:34:22,613 バブル・Loop Iテンプレート構築中...
2026-09-28 00:34:28,557   構築用イベント数=15433292
2026-09-28 00:35:11,730 halo探索用イベント読み込み中...
2026-09-28 00:35:13,461   halo探索用イベント数=4850468
2026-09-28 00:35:17,631 Bin 1 (   1.51 GeV): f_halo A=+27.94 C=-253.2 shared=-117.9 | LRT=60.7 p=6.586e-15 equiv=7.79σ | spread=2.2e-06 ok=True (4s)
2026-09-28 00:35:17,631         [背景共有] halo A=-148.8 C=-73.15 共通=-179.3 | f_ics=1.886 | LRT=30.4 equiv=5.51σ spread=5.2e-07 | halo検出 A=14.63σ C=3.47σ
2026-09-28 00:35:21,759 Bin 2 (   2.55 GeV): f_halo A=+53.02 C=-41.6 shared=+4.489 | LRT=48.3 p=3.597e-12 equiv=6.95σ | spread=2.4e-05 ok=True (4s)
2026-09-28 00:35:21,760         [背景共有] halo A=-3.789 C=+0.6382 共通=-5.509 | f_ics=1.726 | LRT=0.702 equiv=0.84σ spread=2.0e-04 | halo検出 A=0.98σ C=0.08σ
2026-09-28 00:35:26,141 Bin 3 (   4.31 GeV): f_halo A=+12 C=+7.662 shared=+9.776 | LRT=0.702 p=4.023e-01 equiv=0.84σ | spread=1.7e-05 ok=True (4s)
2026-09-28 00:35:26,142         [背景共有] halo A=+10.43 C=+9.596 共通=+10.74 | f_ics=1.572 | LRT=0.162 equiv=0.40σ spread=9.9e-08 | halo検出 A=6.91σ C=3.06σ
2026-09-28 00:35:31,807 Bin 4 (   7.28 GeV): f_halo A=+5.363 C=+8.107 shared=+6.889 | LRT=1.71 p=1.915e-01 equiv=1.31σ | spread=4.6e-05 ok=True (6s)
2026-09-28 00:35:31,808         [背景共有] halo A=+7.743 C=+5.923 共通=+8.38 | f_ics=1.261 | LRT=4.88 equiv=2.21σ spread=4.5e-06 | halo検出 A=13.19σ C=4.85σ
2026-09-28 00:35:37,572 Bin 5 (  12.29 GeV): f_halo A=+2.117 C=+2.224 shared=+2.178 | LRT=0.0171 p=8.959e-01 equiv=0.13σ | spread=3.5e-06 ok=True (6s)
2026-09-28 00:35:37,572         [背景共有] halo A=+3.311 C=+1.454 共通=+3.923 | f_ics=1.136 | LRT=32.8 equiv=5.73σ spread=2.5e-07 | halo検出 A=14.47σ C=3.06σ
2026-09-28 00:35:43,591 Bin 6 (  20.76 GeV): f_halo A=+0.8462 C=+1.258 shared=+1.078 | LRT=1.77 p=1.832e-01 equiv=1.33σ | spread=1.8e+02 ok=True (6s)
2026-09-28 00:35:43,591         [背景共有] halo A=+1.368 C=+1.003 共通=+1.479 | f_ics=0.7714 | LRT=8.35 equiv=2.89σ spread=9.3e-08 | halo検出 A=15.50σ C=5.51σ
2026-09-28 00:35:50,792 Bin 7 (  35.06 GeV): f_halo A=+0.4724 C=+0.1948 shared=+0.3105 | LRT=4.82 p=2.817e-02 equiv=2.19σ | spread=1.0e-05 ok=True (7s)
2026-09-28 00:35:50,792         [背景共有] halo A=+0.3909 C=+0.113 共通=+0.4696 | f_ics=1.071 | LRT=29.6 equiv=5.44σ spread=4.8e-07 | halo検出 A=11.00σ C=1.55σ
2026-09-28 00:35:58,540 Bin 8 (  59.22 GeV): f_halo A=+0.1062 C=+0.1032 shared=+0.1046 | LRT=0.00469 p=9.454e-01 equiv=0.07σ | spread=2.1e-07 ok=True (8s)
2026-09-28 00:35:58,540         [背景共有] halo A=+0.1188 C=+0.06876 共通=+0.132 | f_ics=0.4114 | LRT=6.32 equiv=2.51σ spread=1.0e-07 | halo検出 A=8.67σ C=2.46σ
2026-09-28 00:36:06,816 Bin 9 ( 100.02 GeV): f_halo A=+0.02633 C=+0.009624 shared=+0.01672 | LRT=0.893 p=3.446e-01 equiv=0.95σ | spread=3.1e-06 ok=True (8s)
2026-09-28 00:36:06,816         [背景共有] halo A=+0.02916 C=+0.002553 共通=+0.03535 | f_ics=0.9488 | LRT=12.9 equiv=3.59σ spread=5.1e-07 | halo検出 A=5.70σ C=0.25σ
2026-09-28 00:36:15,391 Bin10 ( 168.93 GeV): f_halo A=+0.01026 C=+0.00424 shared=+0.007268 | LRT=1.14 p=2.853e-01 equiv=1.07σ | spread=1.7e-11 ok=True (9s)
2026-09-28 00:36:15,392         [背景共有] halo A=+0.008972 C=+0.001362 共通=+0.01038 | f_ics=1.41 | LRT=7.81 equiv=2.79σ spread=3.5e-07 | halo検出 A=4.77σ C=0.37σ
2026-09-28 00:36:24,241 Bin11 ( 285.33 GeV): f_halo A=+0.0001594 C=+0.000496 shared=+0.000227 | LRT=0.0366 p=8.482e-01 equiv=0.19σ | spread=1.3e-07 ok=True (9s)
2026-09-28 00:36:24,241         [背景共有] halo A=+0.001454 C=+7.849e-05 共通=+0.001783 | f_ics=1.417 | LRT=1.73 equiv=1.31σ spread=2.2e-07 | halo検出 A=1.97σ C=0.05σ
2026-09-28 00:36:32,594 Bin12 ( 481.93 GeV): f_halo A=-5.873e-05 C=+1.065e-05 shared=-2.003e-05 | LRT=0.0109 p=9.168e-01 equiv=0.10σ | spread=1.1e-13 ok=True (8s)
2026-09-28 00:36:32,594         [背景共有] halo A=+0.0002524 C=-0.0001135 共通=+0.0003015 | f_ics=0.6765 | LRT=1.15 equiv=1.07σ spread=1.5e-08 | halo検出 A=1.05σ C=0.23σ
2026-09-28 00:36:40,341 Bin13 ( 814.00 GeV): f_halo A=-0.0003573 C=+0.0001525 shared=-4.476e-05 | LRT=3.95 p=4.693e-02 equiv=1.99σ | spread=4.0e-02 ok=True (8s)
2026-09-28 00:36:40,341         [背景共有] halo A=+8.271e-05 C=+8.097e-06 共通=+0.0001041 | f_ics=9.109 | LRT=0.328 equiv=0.57σ spread=4.6e+00 | halo検出 A=0.85σ C=0.04σ
2026-09-28 00:36:40,358 → results/regionAC_lrt_v20_fullroi/regionAC_lrt_v20.json
2026-09-28 00:36:40,358 完了: 13/13ビンでフィット成功、ΔlnL>=0 が 13/13、fun_spread<1e-6 が 4/13。
