The chain is shorter than 50 times the integrated autocorrelation time for 8 parameter(s). Use this estimate with caution and run a longer chain!
N/50 = 30;
tau: [60.69288837 60.74790814 62.71096068 64.34343936 58.36890253 51.93769737
 49.98765467 52.94137873]
The chain is shorter than 50 times the integrated autocorrelation time for 3 parameter(s). Use this estimate with caution and run a longer chain!
N/50 = 85;
tau: [ 87.47375566  82.18922965  74.71660672  89.83510087  73.24991603
 103.24081456  84.55801264  73.13790287]
The chain is shorter than 50 times the integrated autocorrelation time for 8 parameter(s). Use this estimate with caution and run a longer chain!
N/50 = 30;
tau: [57.45986868 52.79238333 56.73029819 54.52181468 57.57476092 56.48390169
 60.38041133 54.90796881]
The chain is shorter than 50 times the integrated autocorrelation time for 5 parameter(s). Use this estimate with caution and run a longer chain!
N/50 = 80;
tau: [86.44206171 78.99317822 80.99547518 78.98515015 70.52061374 84.80009216
 97.40761644 81.45889859]
The chain is shorter than 50 times the integrated autocorrelation time for 8 parameter(s). Use this estimate with caution and run a longer chain!
N/50 = 30;
tau: [53.30654518 57.90780276 60.57904457 52.54541248 62.15015138 68.81651834
 56.14891304 62.34428686]
The chain is shorter than 50 times the integrated autocorrelation time for 8 parameter(s). Use this estimate with caution and run a longer chain!
N/50 = 30;
tau: [67.95688202 59.34572502 62.56550373 60.91545788 54.54620706 59.38103351
 55.44971634 64.89450319]
The chain is shorter than 50 times the integrated autocorrelation time for 8 parameter(s). Use this estimate with caution and run a longer chain!
N/50 = 30;
tau: [58.16122966 53.25502194 53.03344582 61.02883307 69.95794473 60.92387494
 52.71202667 59.47669687]
The chain is shorter than 50 times the integrated autocorrelation time for 8 parameter(s). Use this estimate with caution and run a longer chain!
N/50 = 30;
tau: [58.97344006 67.01091954 60.02138696 64.71630092 82.59741076 78.50876387
 71.17864833 66.52081437]
The chain is shorter than 50 times the integrated autocorrelation time for 2 parameter(s). Use this estimate with caution and run a longer chain!
N/50 = 107;
tau: [ 94.21369799  92.77422779 105.67361503  90.71023135 126.55569091
 107.85156509  97.79484342  94.91335917]
The chain is shorter than 50 times the integrated autocorrelation time for 8 parameter(s). Use this estimate with caution and run a longer chain!
N/50 = 30;
tau: [ 65.08005837  59.70278063  55.77484092  65.36101851 165.47154482
  65.15367901  73.98229355  56.85696937]
The chain is shorter than 50 times the integrated autocorrelation time for 1 parameter(s). Use this estimate with caution and run a longer chain!
N/50 = 120;
tau: [ 90.85742026 101.97609137  90.48291401  94.65430981 270.29769264
  91.36886466  90.98667683  94.55521694]
The chain is shorter than 50 times the integrated autocorrelation time for 8 parameter(s). Use this estimate with caution and run a longer chain!
N/50 = 30;
tau: [ 71.79835792  78.54089259 142.84418663 166.34151349 171.14735987
  73.33918034  66.09453893  73.54902204]
The chain is shorter than 50 times the integrated autocorrelation time for 7 parameter(s). Use this estimate with caution and run a longer chain!
N/50 = 120;
tau: [166.81940081 153.82690235 342.34633691 222.72601281 195.72140008
 130.02073628 108.2793257  133.68785047]
The chain is shorter than 50 times the integrated autocorrelation time for 8 parameter(s). Use this estimate with caution and run a longer chain!
N/50 = 30;
tau: [ 69.23337327  63.7238771   73.56365089  70.97559299 165.14685994
  64.92201976  70.74462959  68.7663615 ]
The chain is shorter than 50 times the integrated autocorrelation time for 3 parameter(s). Use this estimate with caution and run a longer chain!
N/50 = 120;
tau: [121.13112808 102.07111562 112.76868293 122.94694644 276.89216489
  96.32337647 116.60467468 109.34379622]
The chain is shorter than 50 times the integrated autocorrelation time for 8 parameter(s). Use this estimate with caution and run a longer chain!
N/50 = 30;
tau: [ 77.55506132  77.18069387 114.15455895  64.11526041 169.53259514
  68.97000701  75.13994537  83.7853006 ]
The chain is shorter than 50 times the integrated autocorrelation time for 7 parameter(s). Use this estimate with caution and run a longer chain!
N/50 = 120;
tau: [131.05570036 109.11977366 137.50078381 123.29676282 225.46101931
 126.16795128 122.60915083 132.39530247]
The chain is shorter than 50 times the integrated autocorrelation time for 8 parameter(s). Use this estimate with caution and run a longer chain!
N/50 = 30;
tau: [ 85.90335517  69.10270403  75.7860616   76.26323432 169.18891396
  80.24018805  73.12474047  76.36465285]
The chain is shorter than 50 times the integrated autocorrelation time for 3 parameter(s). Use this estimate with caution and run a longer chain!
N/50 = 120;
tau: [132.91132359 117.96146048 115.88162803 119.59833133 279.58926017
 113.1043901  110.5048977  121.94298879]
The chain is shorter than 50 times the integrated autocorrelation time for 8 parameter(s). Use this estimate with caution and run a longer chain!
N/50 = 30;
tau: [ 79.04915119  78.42648894 145.32409532  84.7124275  171.08517191
  68.29145508  77.73024717  98.40579056]
The chain is shorter than 50 times the integrated autocorrelation time for 8 parameter(s). Use this estimate with caution and run a longer chain!
N/50 = 120;
tau: [158.07173041 132.38288221 532.70904044 158.03303575 291.31680666
 137.45622562 127.56655475 140.72309032]
The chain is shorter than 50 times the integrated autocorrelation time for 8 parameter(s). Use this estimate with caution and run a longer chain!
N/50 = 30;
tau: [105.78570497  66.58853026  83.67268599 174.44085546 169.31858346
 162.35464282  73.76502029  77.4454135 ]
The chain is shorter than 50 times the integrated autocorrelation time for 8 parameter(s). Use this estimate with caution and run a longer chain!
N/50 = 120;
tau: [261.49550013 164.41354867 197.0254916  296.80413201 227.32088536
 473.17056487 144.15752278 165.41899211]
再現性シード固定: np.random.seed(42)
尤度セル束ね(CELL_MODE)=True  f_halo符号自由(SIGNFREE_HALO)=True
  NONNEG_IDX=(0, 1, 2, 3, 4, 5)  SIGNFREE_IDX=(6, 7)  出力先=results/mcmc_allbins_gasICS_v10_cell
実測露出マップ読み込み中...
イベントデータ読み込み中...
NFW J-factorマップ計算中(数分)...
  NFW校正: norm=2.2847e-15 (基準: b=-59.5°, flux=6.803e-14 ph/cm2/s/sr/MeV, exposure=5.501e+11 cm2s)
バブルテンプレート構築中(Bin3基準、正負2成分+Gaussian smoothing)...
  disk込み構築: 全ROIイベント=11911671 (うち銀河面|b|<10=6459914)
  バブルテンプレート構築(正負2成分): Bin3 (4.31 GeV)
    バブル構築用GALPROP+GCEフィット: GALPROP+GCE(counts単位: A_gas=0.9016, A_ics=2.011, A_gce=0.1105, off=-5.8648)
    有効ピクセル数(|b|>=10, ROI全域): 14400 | 正の残差ピクセル: 13720 | 負の残差ピクセル: 13358
Loop I幾何シェルテンプレート計算中(2シェル視線積分)...

--- Bin01 (1.51 GeV) ---
  イベント数: 2286646
  点源マスク: 1375ピクセル除外 / |b|<10除外込みで有効ピクセル数=10625
  セル束ね: 有効セル数=120/144
  f_gas=0.8971  f_ics(計)=1.647  f_halo=-18.27  ΔlnL=0.40  有意度=0.89σ  凸性fun_spread(max)=4.22e-01  τ_max=92.50838744972481  50τ充足=True

--- Bin02 (2.55 GeV) ---
  イベント数: 1161203
  点源マスク: 1375ピクセル除外 / |b|<10除外込みで有効ピクセル数=10625
  セル束ね: 有効セル数=120/144
  f_gas=0.9304  f_ics(計)=1.424  f_halo=103.3  ΔlnL=90.09  有意度=13.42σ  凸性fun_spread(max)=9.87e-08  τ_max=87.19822984867464  50τ充足=True

--- Bin03 (4.31 GeV) ---
  イベント数: 556297
  点源マスク: 1375ピクセル除外 / |b|<10除外込みで有効ピクセル数=10625
  セル束ね: 有効セル数=120/144
  f_gas=0.9452  f_ics(計)=1.162  f_halo=62.8  ΔlnL=218.03  有意度=20.88σ  凸性fun_spread(max)=5.22e-08  τ_max=88.8481210309101  50τ充足=True

--- Bin04 (7.28 GeV) ---
  イベント数: 259646
  点源マスク: 1375ピクセル除外 / |b|<10除外込みで有効ピクセル数=10625
  セル束ね: 有効セル数=120/144
  f_gas=0.9417  f_ics(計)=0.7961  f_halo=31.44  ΔlnL=347.17  有意度=26.35σ  凸性fun_spread(max)=6.52e-09  τ_max=90.52615036129174  50τ充足=True

--- Bin05 (12.29 GeV) ---
  イベント数: 122684
  点源マスク: 1375ピクセル除外 / |b|<10除外込みで有効ピクセル数=10625
  セル束ね: 有効セル数=120/144
  f_gas=0.9095  f_ics(計)=0.5554  f_halo=11.99  ΔlnL=320.97  有意度=25.34σ  凸性fun_spread(max)=4.66e-10  τ_max=92.2685523817022  50τ充足=True

--- Bin06 (20.76 GeV) ---
  イベント数: 56533
  点源マスク: 1375ピクセル除外 / |b|<10除外込みで有効ピクセル数=10625
  セル束ね: 有効セル数=120/144
  f_gas=0.8487  f_ics(計)=0.2981  f_halo=4.227  ΔlnL=255.32  有意度=22.60σ  凸性fun_spread(max)=8.73e-11  τ_max=108.03784879852644  50τ充足=True

--- Bin07 (35.06 GeV) ---
  イベント数: 27563
  点源マスク: 1375ピクセル除外 / |b|<10除外込みで有効ピクセル数=10625
  セル束ね: 有効セル数=120/144
  f_gas=0.8894  f_ics(計)=0.3954  f_halo=1.259  ΔlnL=135.19  有意度=16.44σ  凸性fun_spread(max)=1.89e-10  τ_max=270.2976926362087  50τ充足=False

--- Bin08 (59.22 GeV) ---
  イベント数: 12504
  点源マスク: 1375ピクセル除外 / |b|<10除外込みで有効ピクセル数=10625
  セル束ね: 有効セル数=120/144
  f_gas=0.8062  f_ics(計)=0.07854  f_halo=0.3473  ΔlnL=71.76  有意度=11.98σ  凸性fun_spread(max)=7.28e-12  τ_max=342.346336911564  50τ充足=False

--- Bin09 (100.02 GeV) ---
  イベント数: 5468
  点源マスク: 1375ピクセル除外 / |b|<10除外込みで有効ピクセル数=10625
  セル束ね: 有効セル数=120/144
  f_gas=0.8084  f_ics(計)=0.6265  f_halo=0.07861  ΔlnL=21.57  有意度=6.57σ  凸性fun_spread(max)=7.28e-12  τ_max=276.8921648857505  50τ充足=False

--- Bin10 (168.93 GeV) ---
  イベント数: 2471
  点源マスク: 1375ピクセル除外 / |b|<10除外込みで有効ピクセル数=10625
  セル束ね: 有効セル数=120/144
  f_gas=0.6065  f_ics(計)=0.4596  f_halo=0.02832  ΔlnL=19.71  有意度=6.28σ  凸性fun_spread(max)=1.50e-11  τ_max=225.46101930933773  50τ充足=False

--- Bin11 (285.33 GeV) ---
  イベント数: 1128
  点源マスク: 1375ピクセル除外 / |b|<10除外込みで有効ピクセル数=10625
  セル束ね: 有効セル数=120/144
  f_gas=1.579  f_ics(計)=2.136  f_halo=0.002864  ΔlnL=1.12  有意度=1.49σ  凸性fun_spread(max)=2.15e+04  τ_max=279.58926016873204  50τ充足=False

--- Bin12 (481.93 GeV) ---
  イベント数: 528
  点源マスク: 1375ピクセル除外 / |b|<10除外込みで有効ピクセル数=10625
  セル束ね: 有効セル数=120/144
  f_gas=2.769  f_ics(計)=0.6946  f_halo=0.0005996  ΔlnL=0.55  有意度=1.05σ  凸性fun_spread(max)=1.06e+04  τ_max=532.7090404396507  50τ充足=False

--- Bin13 (814.00 GeV) ---
  イベント数: 250
  点源マスク: 1375ピクセル除外 / |b|<10除外込みで有効ピクセル数=10625
  セル束ね: 有効セル数=120/144
  f_gas=1.691  f_ics(計)=4.979  f_halo=9.12e-05  ΔlnL=0.30  有意度=0.78σ  凸性fun_spread(max)=4.73e+03  τ_max=473.17056486731167  50τ充足=False

→ results/mcmc_allbins_gasICS_v10_cell/halo_spectrum.png

→ results/mcmc_allbins_gasICS_v10_cell/halo_spectrum.json

完了。
