対象週: 780 週中 622 週が未処理 (DL並列=12, パース並列=3, メモリ上限=3.2GB)
  20/622 週完了 (失敗 0), 累計イベント数=1,255,460, 経過=882s, 1.4週/分
  40/622 週完了 (失敗 0), 累計イベント数=1,398,972, 経過=1404s, 1.7週/分
  60/622 週完了 (失敗 0), 累計イベント数=1,529,630, 経過=2054s, 1.8週/分
  w226: ダウンロード失敗
  80/622 週完了 (失敗 1), 累計イベント数=1,666,223, 経過=2656s, 1.8週/分
  100/622 週完了 (失敗 1), 累計イベント数=1,798,484, 経過=3307s, 1.8週/分
  120/622 週完了 (失敗 1), 累計イベント数=1,948,278, 経過=3910s, 1.8週/分
  140/622 週完了 (失敗 1), 累計イベント数=2,130,069, 経過=4634s, 1.8週/分
  160/622 週完了 (失敗 1), 累計イベント数=2,313,738, 経過=5353s, 1.8週/分
  180/622 週完了 (失敗 1), 累計イベント数=2,501,953, 経過=6078s, 1.8週/分
  200/622 週完了 (失敗 1), 累計イベント数=2,658,809, 経過=6840s, 1.8週/分
  220/622 週完了 (失敗 1), 累計イベント数=2,800,232, 経過=7263s, 1.8週/分
  240/622 週完了 (失敗 1), 累計イベント数=2,941,101, 経過=7955s, 1.8週/分
  260/622 週完了 (失敗 1), 累計イベント数=3,083,519, 経過=8681s, 1.8週/分
  280/622 週完了 (失敗 1), 累計イベント数=3,234,352, 経過=9634s, 1.7週/分
  300/622 週完了 (失敗 1), 累計イベント数=3,372,624, 経過=10140s, 1.8週/分
  320/622 週完了 (失敗 1), 累計イベント数=3,512,096, 経過=10870s, 1.8週/分
  w512: ダウンロード失敗
  340/622 週完了 (失敗 2), 累計イベント数=3,655,044, 経過=11363s, 1.8週/分
  360/622 週完了 (失敗 2), 累計イベント数=3,794,506, 経過=11911s, 1.8週/分
  380/622 週完了 (失敗 2), 累計イベント数=3,921,781, 経過=12372s, 1.8週/分
  400/622 週完了 (失敗 2), 累計イベント数=4,049,378, 経過=12922s, 1.9週/分
  420/622 週完了 (失敗 2), 累計イベント数=4,164,118, 経過=13451s, 1.9週/分
  440/622 週完了 (失敗 2), 累計イベント数=4,296,516, 経過=13951s, 1.9週/分
  460/622 週完了 (失敗 2), 累計イベント数=4,422,824, 経過=14481s, 1.9週/分
  480/622 週完了 (失敗 2), 累計イベント数=4,550,266, 経過=14940s, 1.9週/分
  500/622 週完了 (失敗 2), 累計イベント数=4,682,159, 経過=15476s, 1.9週/分
  520/622 週完了 (失敗 2), 累計イベント数=4,799,052, 経過=15925s, 2.0週/分
  540/622 週完了 (失敗 2), 累計イベント数=4,932,505, 経過=16393s, 2.0週/分
  560/622 週完了 (失敗 2), 累計イベント数=5,067,881, 経過=16858s, 2.0週/分
  580/622 週完了 (失敗 2), 累計イベント数=5,188,635, 経過=17368s, 2.0週/分
  600/622 週完了 (失敗 2), 累計イベント数=5,325,098, 経過=17802s, 2.0週/分
  620/622 週完了 (失敗 2), 累計イベント数=5,448,409, 経過=18339s, 2.0週/分

完了: 778/780 週処理済み, 総イベント数=5,448,409
→ /home/arsei/univ/nakamura-darkmatter/data/CSV/filtered_events_week780.csv

未取得の週 (2): [226, 512]
再度このスクリプトを実行すれば失敗週のみリトライされる。
