The chain is shorter than 50 times the integrated autocorrelation time for 8 parameter(s). Use this estimate with caution and run a longer chain!
N/50 = 30;
tau: [165.31925673  82.61931055  62.97615627 166.04758376  70.77679026
  70.03564634  63.46089934  65.85577495]
The chain is shorter than 50 times the integrated autocorrelation time for 2 parameter(s). Use this estimate with caution and run a longer chain!
N/50 = 120;
tau: [244.10465383 108.59594978 101.53390648 332.98395054  93.65509383
  96.55538419 106.3174479  109.38605533]
The chain is shorter than 50 times the integrated autocorrelation time for 8 parameter(s). Use this estimate with caution and run a longer chain!
N/50 = 30;
tau: [165.45296157  89.58052123  85.9003108  162.10860378  67.17710111
  83.11136591  80.84374502  68.61477383]
The chain is shorter than 50 times the integrated autocorrelation time for 3 parameter(s). Use this estimate with caution and run a longer chain!
N/50 = 120;
tau: [296.8614641   92.84007481 100.8943454  313.56742468 104.79187363
 113.59593465 122.2566906  105.20757705]
The chain is shorter than 50 times the integrated autocorrelation time for 8 parameter(s). Use this estimate with caution and run a longer chain!
N/50 = 30;
tau: [169.16812381  70.4464199   84.08030911 109.52729434  73.8318871
  66.95216476  97.09470998  86.49345532]
The chain is shorter than 50 times the integrated autocorrelation time for 4 parameter(s). Use this estimate with caution and run a longer chain!
N/50 = 120;
tau: [281.47888639  99.16279708 116.9522287  126.32939313 107.48479513
 111.71015132 143.83985821 121.42954898]
The chain is shorter than 50 times the integrated autocorrelation time for 8 parameter(s). Use this estimate with caution and run a longer chain!
N/50 = 30;
tau: [163.55926719  83.74816695  75.83530544 168.43508005 154.08472809
  86.91391944 114.89452471  70.87662058]
The chain is shorter than 50 times the integrated autocorrelation time for 8 parameter(s). Use this estimate with caution and run a longer chain!
N/50 = 120;
tau: [263.01549267 121.84452369 134.39112588 254.57059847 179.55895947
 136.31172815 216.74180154 128.3623938 ]
The chain is shorter than 50 times the integrated autocorrelation time for 8 parameter(s). Use this estimate with caution and run a longer chain!
N/50 = 30;
tau: [ 67.67311764  67.15609638  72.13750303  60.91828686 163.29819121
  65.97273429  68.38053081  61.27409794]
The chain is shorter than 50 times the integrated autocorrelation time for 1 parameter(s). Use this estimate with caution and run a longer chain!
N/50 = 120;
tau: [ 98.36702258  96.10956798 103.56155844  91.80694905 275.90922994
 101.09371713 110.31786556  91.61281281]
The chain is shorter than 50 times the integrated autocorrelation time for 8 parameter(s). Use this estimate with caution and run a longer chain!
N/50 = 30;
tau: [ 65.68972015  60.87472015  65.92889254  74.16059045 169.66710207
  66.13844841  68.76004469  65.50885624]
The chain is shorter than 50 times the integrated autocorrelation time for 3 parameter(s). Use this estimate with caution and run a longer chain!
N/50 = 120;
tau: [114.67571076 105.13778561 107.19823881 124.10073683 231.34986588
 107.63723099 116.19570303 124.90136913]
The chain is shorter than 50 times the integrated autocorrelation time for 8 parameter(s). Use this estimate with caution and run a longer chain!
N/50 = 30;
tau: [ 81.58457948  77.85689597  89.54385352 176.92167696 145.18626886
  68.96897989  83.48575147  80.15267951]
The chain is shorter than 50 times the integrated autocorrelation time for 6 parameter(s). Use this estimate with caution and run a longer chain!
N/50 = 120;
tau: [130.76178521 124.05339984 121.5111315  240.81893052 196.95033882
 106.58219704 133.30618441 115.52475466]
The chain is shorter than 50 times the integrated autocorrelation time for 8 parameter(s). Use this estimate with caution and run a longer chain!
N/50 = 30;
tau: [ 66.46924238  82.28878862  61.07705974 166.71432645 149.59388436
  70.3954057   61.52055986  70.475099  ]
The chain is shorter than 50 times the integrated autocorrelation time for 8 parameter(s). Use this estimate with caution and run a longer chain!
N/50 = 120;
tau: [123.4577097  124.11820299 128.59054536 234.12638408 180.85998403
 129.36918011 127.5605335  125.99549509]
The chain is shorter than 50 times the integrated autocorrelation time for 8 parameter(s). Use this estimate with caution and run a longer chain!
N/50 = 30;
tau: [ 73.70506181  72.95640365  72.78607538 170.27465879 142.35218306
  70.78268076  61.96950214  73.8980969 ]
The chain is shorter than 50 times the integrated autocorrelation time for 3 parameter(s). Use this estimate with caution and run a longer chain!
N/50 = 120;
tau: [121.59760787 101.53447436  99.59602592 229.39411546 187.74733217
 103.39788081 108.9873807  116.98316085]
The chain is shorter than 50 times the integrated autocorrelation time for 8 parameter(s). Use this estimate with caution and run a longer chain!
N/50 = 30;
tau: [172.90712564  74.67878414  70.99319419  73.09264148 113.73494826
  78.38723397  79.15160293  72.66577342]
The chain is shorter than 50 times the integrated autocorrelation time for 7 parameter(s). Use this estimate with caution and run a longer chain!
N/50 = 120;
tau: [220.80123973 125.73587407 123.24341702 134.16911831 155.4766663
 122.36007081 137.18178103 117.23155318]
The chain is shorter than 50 times the integrated autocorrelation time for 8 parameter(s). Use this estimate with caution and run a longer chain!
N/50 = 30;
tau: [167.97009292  71.80424203  77.51082825 128.8259415  123.05815789
  78.77111106 110.1369757   73.88856396]
The chain is shorter than 50 times the integrated autocorrelation time for 8 parameter(s). Use this estimate with caution and run a longer chain!
N/50 = 120;
tau: [188.62262117 130.39693433 133.78687943 203.05405261 154.7283724
 130.79258226 155.4988015  133.37926023]
The chain is shorter than 50 times the integrated autocorrelation time for 8 parameter(s). Use this estimate with caution and run a longer chain!
N/50 = 30;
tau: [134.00262495  81.9988904  131.59803153  97.14681431 102.67183602
 159.89432458 114.927766    77.05716403]
The chain is shorter than 50 times the integrated autocorrelation time for 8 parameter(s). Use this estimate with caution and run a longer chain!
N/50 = 120;
tau: [179.4782402  140.3020218  178.05319024 152.97946567 161.93537577
 351.52491041 220.16512024 142.78171279]
The chain is shorter than 50 times the integrated autocorrelation time for 8 parameter(s). Use this estimate with caution and run a longer chain!
N/50 = 30;
tau: [149.77489245 157.29797002  89.76118462 126.06692264  93.07282256
  94.27051196 145.74723098 156.91320288]
The chain is shorter than 50 times the integrated autocorrelation time for 8 parameter(s). Use this estimate with caution and run a longer chain!
N/50 = 120;
tau: [179.08747231 463.25725332 161.1668698  155.67140807 147.76582805
 191.68437199 175.64235608 219.13030133]
再現性シード固定: np.random.seed(42)
尤度セル束ね(CELL_MODE)=True  f_halo符号自由(SIGNFREE_HALO)=True
  NONNEG_IDX=(0, 1, 2, 3, 4, 5)  SIGNFREE_IDX=(6, 7)  出力先=results/mcmc_allbins_gasICS_v11_ultraclean_hires
実測露出マップ読み込み中...
  露出マップを (120, 120) → (960, 960) に補間アップサンプル
イベントデータ読み込み中...
NFW J-factorマップ計算中(数分)...
  NFW校正: norm=2.3166e-15 (基準: b=-59.9°, flux=6.803e-14 ph/cm2/s/sr/MeV, exposure=5.485e+11 cm2s)
バブルテンプレート構築中(Bin3基準、正負2成分+Gaussian smoothing)...
  disk込み構築: 全ROIイベント=13852108 (うち銀河面|b|<10=9510384)
  バブルテンプレート構築(正負2成分): Bin3 (4.31 GeV)
    バブル構築用GALPROP+GCEフィット: GALPROP+GCE(counts単位: A_gas=0.9162, A_ics=3.347, A_gce=2.151, off=-0.1453)
    有効ピクセル数(|b|>=10, ROI全域): 921600 | 正の残差ピクセル: 921600 | 負の残差ピクセル: 921600
Loop I幾何シェルテンプレート計算中(2シェル視線積分)...

--- Bin01 (1.51 GeV) ---
  イベント数: 1828220
  点源マスク: 1425ピクセル除外 / |b|<10除外込みで有効ピクセル数=766575
  セル束ね: 有効セル数=120/144
  f_gas=0.7795  f_ics(計)=2.662  f_halo=356.9  ΔlnL=271.57  有意度=23.31σ  凸性fun_spread(max)=1.12e-08  τ_max=332.98395053957574  50τ充足=False

--- Bin02 (2.55 GeV) ---
  イベント数: 951261
  点源マスク: 1425ピクセル除外 / |b|<10除外込みで有効ピクセル数=766575
  セル束ね: 有効セル数=120/144
  f_gas=0.8318  f_ics(計)=2.617  f_halo=195.5  ΔlnL=558.88  有意度=33.43σ  凸性fun_spread(max)=1.86e-09  τ_max=313.56742468273455  50τ充足=False

--- Bin03 (4.31 GeV) ---
  イベント数: 454199
  点源マスク: 1425ピクセル除外 / |b|<10除外込みで有効ピクセル数=766575
  セル束ね: 有効セル数=120/144
  f_gas=0.8373  f_ics(計)=2.491  f_halo=77.69  ΔlnL=576.02  有意度=33.94σ  凸性fun_spread(max)=1.86e-09  τ_max=281.47888638970915  50τ充足=False

--- Bin04 (7.28 GeV) ---
  イベント数: 205847
  点源マスク: 1425ピクセル除外 / |b|<10除外込みで有効ピクセル数=766575
  セル束ね: 有効セル数=120/144
  f_gas=0.8045  f_ics(計)=2.141  f_halo=31.45  ΔlnL=615.36  有意度=35.08σ  凸性fun_spread(max)=8.38e-09  τ_max=263.0154926669242  50τ充足=False

--- Bin05 (12.29 GeV) ---
  イベント数: 93758
  点源マスク: 1425ピクセル除外 / |b|<10除外込みで有効ピクセル数=766575
  セル束ね: 有効セル数=120/144
  f_gas=0.759  f_ics(計)=2.052  f_halo=11.4  ΔlnL=501.39  有意度=31.67σ  凸性fun_spread(max)=7.80e-09  τ_max=275.90922993753753  50τ充足=False

--- Bin06 (20.76 GeV) ---
  イベント数: 42482
  点源マスク: 1425ピクセル除外 / |b|<10除外込みで有効ピクセル数=766575
  セル束ね: 有効セル数=120/144
  f_gas=0.7063  f_ics(計)=1.888  f_halo=3.911  ΔlnL=389.70  有意度=27.92σ  凸性fun_spread(max)=6.40e-10  τ_max=231.34986588011455  50τ充足=False

--- Bin07 (35.06 GeV) ---
  イベント数: 20206
  点源マスク: 1425ピクセル除外 / |b|<10除外込みで有効ピクセル数=766575
  セル束ね: 有効セル数=120/144
  f_gas=0.7185  f_ics(計)=1.969  f_halo=1.217  ΔlnL=239.06  有意度=21.87σ  凸性fun_spread(max)=3.26e-08  τ_max=240.81893051957516  50τ充足=False

--- Bin08 (59.22 GeV) ---
  イベント数: 8762
  点源マスク: 1425ピクセル除外 / |b|<10除外込みで有効ピクセル数=766575
  セル束ね: 有効セル数=120/144
  f_gas=0.8363  f_ics(計)=2.15  f_halo=0.3563  ΔlnL=134.82  有意度=16.42σ  凸性fun_spread(max)=4.34e-09  τ_max=234.12638407885456  50τ充足=False

--- Bin09 (100.02 GeV) ---
  イベント数: 3581
  点源マスク: 1425ピクセル除外 / |b|<10除外込みで有効ピクセル数=766575
  セル束ね: 有効セル数=120/144
  f_gas=0.923  f_ics(計)=2.922  f_halo=0.09503  ΔlnL=63.77  有意度=11.29σ  凸性fun_spread(max)=1.65e-06  τ_max=229.3941154645068  50τ充足=False

--- Bin10 (168.93 GeV) ---
  イベント数: 1420
  点源マスク: 1425ピクセル除外 / |b|<10除外込みで有効ピクセル数=766575
  セル束ね: 有効セル数=120/144
  f_gas=0.333  f_ics(計)=2.88  f_halo=0.02661  ΔlnL=32.96  有意度=8.12σ  凸性fun_spread(max)=1.33e-05  τ_max=220.80123973301684  50τ充足=False

--- Bin11 (285.33 GeV) ---
  イベント数: 544
  点源マスク: 1425ピクセル除外 / |b|<10除外込みで有効ピクセル数=766575
  セル束ね: 有効セル数=120/144
  f_gas=0.8803  f_ics(計)=3.744  f_halo=0.005476  ΔlnL=9.41  有意度=4.34σ  凸性fun_spread(max)=1.23e+04  τ_max=203.05405260785653  50τ充足=False

--- Bin12 (481.93 GeV) ---
  イベント数: 166
  点源マスク: 1425ピクセル除外 / |b|<10除外込みで有効ピクセル数=766575
  セル束ね: 有効セル数=120/144
  f_gas=1.873  f_ics(計)=2.649  f_halo=0.001081  ΔlnL=2.55  有意度=2.26σ  凸性fun_spread(max)=3.70e+03  τ_max=351.5249104139182  50τ充足=False

--- Bin13 (814.00 GeV) ---
  イベント数: 71
  点源マスク: 1425ピクセル除外 / |b|<10除外込みで有効ピクセル数=766575
  セル束ね: 有効セル数=120/144
  f_gas=0.3924  f_ics(計)=11.57  f_halo=0.0002686  ΔlnL=0.00  有意度=0.00σ  凸性fun_spread(max)=1.04e-12  τ_max=463.25725332235277  50τ充足=False

→ results/mcmc_allbins_gasICS_v11_ultraclean_hires/halo_spectrum.png

→ results/mcmc_allbins_gasICS_v11_ultraclean_hires/halo_spectrum.json

完了。
