The chain is shorter than 50 times the integrated autocorrelation time for 8 parameter(s). Use this estimate with caution and run a longer chain!
N/50 = 30;
tau: [161.08605426  86.79663736  73.03769237 163.68678137  68.6023103
  80.97586146  97.17487243  65.46023815]
The chain is shorter than 50 times the integrated autocorrelation time for 3 parameter(s). Use this estimate with caution and run a longer chain!
N/50 = 120;
tau: [206.60657179 115.80883978 111.9848403  276.79280948  98.05526348
 112.31516882 130.69797025 108.9030244 ]
The chain is shorter than 50 times the integrated autocorrelation time for 8 parameter(s). Use this estimate with caution and run a longer chain!
N/50 = 30;
tau: [161.68416945  63.53990122  71.12422319  57.06967152  61.6816513
  67.68968699  61.17911813  69.02923813]
The chain is shorter than 50 times the integrated autocorrelation time for 1 parameter(s). Use this estimate with caution and run a longer chain!
N/50 = 120;
tau: [231.36789758  93.10030044  81.54357621  91.65168653 103.71337299
 100.38211454  96.30239546  99.47374562]
The chain is shorter than 50 times the integrated autocorrelation time for 8 parameter(s). Use this estimate with caution and run a longer chain!
N/50 = 30;
tau: [167.57503399  73.72406016  68.79514642  65.74125921  50.4211405
  65.59674951  64.63552667  82.65084494]
The chain is shorter than 50 times the integrated autocorrelation time for 1 parameter(s). Use this estimate with caution and run a longer chain!
N/50 = 120;
tau: [240.57674811 102.43045893 104.61772822  96.11426038  98.77568699
  93.9788116  104.43810223  99.98561834]
The chain is shorter than 50 times the integrated autocorrelation time for 8 parameter(s). Use this estimate with caution and run a longer chain!
N/50 = 30;
tau: [171.75877563  80.99146429  91.4696609   62.0019035  164.05842227
  75.62195806  78.46905856  71.30229211]
The chain is shorter than 50 times the integrated autocorrelation time for 6 parameter(s). Use this estimate with caution and run a longer chain!
N/50 = 120;
tau: [334.76641138 147.12373731 121.68889191 122.63296379 208.78211386
 109.36611388 184.69615058 109.15355143]
The chain is shorter than 50 times the integrated autocorrelation time for 8 parameter(s). Use this estimate with caution and run a longer chain!
N/50 = 30;
tau: [ 82.19540982  66.92765413 157.19060852  61.14334832 167.70016264
  91.11759993  71.70550009  67.70459369]
The chain is shorter than 50 times the integrated autocorrelation time for 4 parameter(s). Use this estimate with caution and run a longer chain!
N/50 = 120;
tau: [133.1130301  117.45705063 298.7075068  126.27184836 206.73205615
 110.24800621 109.2711483  107.65387568]
The chain is shorter than 50 times the integrated autocorrelation time for 8 parameter(s). Use this estimate with caution and run a longer chain!
N/50 = 30;
tau: [173.24707617  65.59797192 161.67120968  88.94504461 148.51888206
  79.76277932  73.51096506  73.21291479]
The chain is shorter than 50 times the integrated autocorrelation time for 7 parameter(s). Use this estimate with caution and run a longer chain!
N/50 = 120;
tau: [234.71698273 130.69188775 335.77443162 123.9279525  198.95239495
 143.6038351  135.45578945 115.91564615]
The chain is shorter than 50 times the integrated autocorrelation time for 8 parameter(s). Use this estimate with caution and run a longer chain!
N/50 = 30;
tau: [168.35011369  88.1619289  154.65124114  86.46294771 123.86202594
  87.17231105 119.75168427  79.9570233 ]
The chain is shorter than 50 times the integrated autocorrelation time for 8 parameter(s). Use this estimate with caution and run a longer chain!
N/50 = 120;
tau: [240.5120888  150.52605503 371.95364324 154.96569251 196.66264617
 148.99438521 166.5170445  130.11025274]
The chain is shorter than 50 times the integrated autocorrelation time for 8 parameter(s). Use this estimate with caution and run a longer chain!
N/50 = 30;
tau: [156.61454685  90.29843361 163.36771735 157.56240924 108.75172567
  73.52419017 131.91121276  61.13934922]
The chain is shorter than 50 times the integrated autocorrelation time for 8 parameter(s). Use this estimate with caution and run a longer chain!
N/50 = 120;
tau: [206.22830237 146.48078083 279.64464441 207.27710559 172.45402957
 136.68909373 178.44251724 143.74272152]
The chain is shorter than 50 times the integrated autocorrelation time for 8 parameter(s). Use this estimate with caution and run a longer chain!
N/50 = 30;
tau: [159.06784304 106.35017834 162.53206474  86.78548799 145.67857947
  89.69603006 125.57197762  94.20063123]
The chain is shorter than 50 times the integrated autocorrelation time for 8 parameter(s). Use this estimate with caution and run a longer chain!
N/50 = 120;
tau: [216.34378129 139.58784018 487.45928797 170.18693027 224.52306696
 142.40507863 149.87538522 139.66998622]
The chain is shorter than 50 times the integrated autocorrelation time for 8 parameter(s). Use this estimate with caution and run a longer chain!
N/50 = 30;
tau: [144.07716626  88.9022251  133.91745451  82.6234799  139.97809531
  76.70690887 101.48355127  76.78272708]
The chain is shorter than 50 times the integrated autocorrelation time for 8 parameter(s). Use this estimate with caution and run a longer chain!
N/50 = 120;
tau: [156.42376133 153.75072701 433.39687898 123.21462577 134.58055132
 124.5833734  129.69533397 132.34712293]
The chain is shorter than 50 times the integrated autocorrelation time for 8 parameter(s). Use this estimate with caution and run a longer chain!
N/50 = 30;
tau: [138.0382797   98.98770096 160.48608862 130.93752257 120.95411458
  76.7110397  103.30748555  83.0045591 ]
The chain is shorter than 50 times the integrated autocorrelation time for 8 parameter(s). Use this estimate with caution and run a longer chain!
N/50 = 120;
tau: [177.06494768 167.9605179  576.59352786 188.08201794 174.87156815
 176.81874273 163.84524951 140.8120926 ]
The chain is shorter than 50 times the integrated autocorrelation time for 8 parameter(s). Use this estimate with caution and run a longer chain!
N/50 = 30;
tau: [149.31767411  90.18846281 162.95237174  86.70278398  94.02636539
 160.21058944 125.32613105  79.78214284]
The chain is shorter than 50 times the integrated autocorrelation time for 8 parameter(s). Use this estimate with caution and run a longer chain!
N/50 = 120;
tau: [218.13516696 147.28819033 481.5146423  179.94078216 170.75844073
 277.16953931 208.34394061 247.85976395]
The chain is shorter than 50 times the integrated autocorrelation time for 8 parameter(s). Use this estimate with caution and run a longer chain!
N/50 = 30;
tau: [167.04689567 102.12128788  91.58833437 135.84078874  92.22458656
 102.15215906 160.63415654 143.12125207]
The chain is shorter than 50 times the integrated autocorrelation time for 8 parameter(s). Use this estimate with caution and run a longer chain!
N/50 = 120;
tau: [241.92470746 166.4566867  167.23468296 188.91921485 160.37260742
 217.00869444 230.78606841 160.45466089]
再現性シード固定: np.random.seed(42)
尤度セル束ね(CELL_MODE)=True  f_halo符号自由(SIGNFREE_HALO)=True
  NONNEG_IDX=(0, 1, 2, 3, 4, 5)  SIGNFREE_IDX=(6, 7)  出力先=results/mcmc_allbins_gasICS_v12_bubblefix
実測露出マップ読み込み中...
  露出マップを (120, 120) → (960, 960) に補間アップサンプル
イベントデータ読み込み中...
NFW J-factorマップ計算中(数分)...
  NFW校正: norm=2.3166e-15 (基準: b=-59.9°, flux=6.803e-14 ph/cm2/s/sr/MeV, exposure=5.485e+11 cm2s)
バブルテンプレート構築中(Bin3基準、正負2成分+Gaussian smoothing)...
  disk込み構築: 全ROIイベント=13852108 (うち銀河面|b|<10=9510384)
  バブルテンプレート構築(正負2成分): Bin3 (4.31 GeV)
    バブル構築用GALPROP+GCEフィット: GALPROP+GCE+flat(counts単位: A_gas=1.663, A_ics=0.4882, A_gce=0.7077, A_flat=0.09838, off=-0.1103)
    有効ピクセル数(|b|>=10, ROI全域): 921600 | 正の残差ピクセル: 921600 | 負の残差ピクセル: 921600
Loop I幾何シェルテンプレート計算中(2シェル視線積分)...

--- Bin01 (1.51 GeV) ---
  イベント数: 1828220
  点源マスク: 1425ピクセル除外 / |b|<10除外込みで有効ピクセル数=766575
  セル束ね: 有効セル数=120/144
  f_gas=1.046  f_ics(計)=0.6123  f_halo=8.017  ΔlnL=0.02  有意度=0.19σ  凸性fun_spread(max)=1.72e-02  τ_max=276.7928094753079  50τ充足=False

--- Bin02 (2.55 GeV) ---
  イベント数: 951261
  点源マスク: 1425ピクセル除外 / |b|<10除外込みで有効ピクセル数=766575
  セル束ね: 有効セル数=120/144
  f_gas=1.196  f_ics(計)=0.4299  f_halo=73.66  ΔlnL=70.49  有意度=11.87σ  凸性fun_spread(max)=7.45e-09  τ_max=231.36789757964277  50τ充足=False

--- Bin03 (4.31 GeV) ---
  イベント数: 454199
  点源マスク: 1425ピクセル除外 / |b|<10除外込みで有効ピクセル数=766575
  セル束ね: 有効セル数=120/144
  f_gas=1.302  f_ics(計)=0.3145  f_halo=38.32  ΔlnL=124.35  有意度=15.77σ  凸性fun_spread(max)=2.79e-09  τ_max=240.57674810615836  50τ充足=False

--- Bin04 (7.28 GeV) ---
  イベント数: 205847
  点源マスク: 1425ピクセル除外 / |b|<10除外込みで有効ピクセル数=766575
  セル束ね: 有効セル数=120/144
  f_gas=1.349  f_ics(計)=0.09612  f_halo=19.51  ΔlnL=209.25  有意度=20.46σ  凸性fun_spread(max)=5.12e-09  τ_max=334.76641137591065  50τ充足=False

--- Bin05 (12.29 GeV) ---
  イベント数: 93758
  点源マスク: 1425ピクセル除外 / |b|<10除外込みで有効ピクセル数=766575
  セル束ね: 有効セル数=120/144
  f_gas=1.403  f_ics(計)=0.01104  f_halo=7.156  ΔlnL=200.00  有意度=20.00σ  凸性fun_spread(max)=1.51e-09  τ_max=298.7075067960192  50τ充足=False

--- Bin06 (20.76 GeV) ---
  イベント数: 42482
  点源マスク: 1425ピクセル除外 / |b|<10除外込みで有効ピクセル数=766575
  セル束ね: 有効セル数=120/144
  f_gas=1.364  f_ics(計)=0.009273  f_halo=2.523  ΔlnL=166.97  有意度=18.27σ  凸性fun_spread(max)=2.91e-10  τ_max=335.77443161913897  50τ充足=False

--- Bin07 (35.06 GeV) ---
  イベント数: 20206
  点源マスク: 1425ピクセル除外 / |b|<10除外込みで有効ピクセル数=766575
  セル束ね: 有効セル数=120/144
  f_gas=1.444  f_ics(計)=0.01722  f_halo=0.8099  ΔlnL=104.99  有意度=14.49σ  凸性fun_spread(max)=1.46e-10  τ_max=371.95364324002816  50τ充足=False

--- Bin08 (59.22 GeV) ---
  イベント数: 8762
  点源マスク: 1425ピクセル除外 / |b|<10除外込みで有効ピクセル数=766575
  セル束ね: 有効セル数=120/144
  f_gas=1.641  f_ics(計)=0.01738  f_halo=0.1903  ΔlnL=37.85  有意度=8.70σ  凸性fun_spread(max)=1.07e-09  τ_max=279.6446444098527  50τ充足=False

--- Bin09 (100.02 GeV) ---
  イベント数: 3581
  点源マスク: 1425ピクセル除外 / |b|<10除外込みで有効ピクセル数=766575
  セル束ね: 有効セル数=120/144
  f_gas=1.972  f_ics(計)=0.02821  f_halo=0.04663  ΔlnL=15.33  有意度=5.54σ  凸性fun_spread(max)=1.09e-11  τ_max=487.4592879665188  50τ充足=False

--- Bin10 (168.93 GeV) ---
  イベント数: 1420
  点源マスク: 1425ピクセル除外 / |b|<10除外込みで有効ピクセル数=766575
  セル束ね: 有効セル数=120/144
  f_gas=1.392  f_ics(計)=0.1381  f_halo=0.01706  ΔlnL=14.89  有意度=5.46σ  凸性fun_spread(max)=7.58e-10  τ_max=433.39687897604153  50τ充足=False

--- Bin11 (285.33 GeV) ---
  イベント数: 544
  点源マスク: 1425ピクセル除外 / |b|<10除外込みで有効ピクセル数=766575
  セル束ね: 有効セル数=120/144
  f_gas=2.128  f_ics(計)=0.2707  f_halo=0.003027  ΔlnL=3.09  有意度=2.48σ  凸性fun_spread(max)=1.23e+04  τ_max=576.5935278626205  50τ充足=False

--- Bin12 (481.93 GeV) ---
  イベント数: 166
  点源マスク: 1425ピクセル除外 / |b|<10除外込みで有効ピクセル数=766575
  セル束ね: 有効セル数=120/144
  f_gas=2.504  f_ics(計)=0.5645  f_halo=0.0005944  ΔlnL=2.37  有意度=2.18σ  凸性fun_spread(max)=3.70e+03  τ_max=481.5146422958356  50τ充足=False

--- Bin13 (814.00 GeV) ---
  イベント数: 71
  点源マスク: 1425ピクセル除外 / |b|<10除外込みで有効ピクセル数=766575
  セル束ね: 有効セル数=120/144
  f_gas=1.41  f_ics(計)=4.453  f_halo=0.0001449  ΔlnL=0.00  有意度=0.00σ  凸性fun_spread(max)=1.71e-13  τ_max=241.92470746209116  50τ充足=False

→ results/mcmc_allbins_gasICS_v12_bubblefix/halo_spectrum.png

→ results/mcmc_allbins_gasICS_v12_bubblefix/halo_spectrum.json

完了。
