再現性シード固定: np.random.seed(42)
尤度セル束ね(CELL_MODE)=True  f_halo符号自由(SIGNFREE_HALO)=True
  NONNEG_IDX=(0, 1, 2, 3, 4, 5)  SIGNFREE_IDX=(6, 7)  出力先=results/mcmc_allbins_gasICS_v14_bubblefixed
実測露出マップ読み込み中...
  露出マップを (120, 120) → (960, 960) に補間アップサンプル
イベントデータ読み込み中...
NFW J-factorマップ計算中(数分)...
  NFW校正: norm=2.3166e-15 (基準: b=-59.9°, flux=6.803e-14 ph/cm2/s/sr/MeV, exposure=5.485e+11 cm2s)
バブルテンプレート構築中(Bin3基準、正負2成分+Gaussian smoothing)...
  バブルテンプレート構築(正負2成分): Bin3 (4.31 GeV)
    バブル構築用GALPROP+GCEフィット: 全成分同時(counts単位: A_gas=1.103, A_ics=1.681, A_gce=0.5273, A_flat=0.1329, A_iso=0.1155, A_liA=0.0204, A_liB=0.0473)
    有効ピクセル数(|b|>=10, ROI全域): 768000 | 正の残差ピクセル: 458259 | 負の残差ピクセル: 371181
Loop I幾何シェルテンプレート計算中(2シェル視線積分)...

--- Bin01 (1.51 GeV) ---
  イベント数: 2042272
  点源マスク: 1425ピクセル除外 / |b|<10除外込みで有効ピクセル数=766575
  セル束ね: 有効セル数=120/144
The chain is shorter than 50 times the integrated autocorrelation time for 8 parameter(s). Use this estimate with caution and run a longer chain!
N/50 = 30;
tau: [53.07050618 65.09133445 49.9777221  58.53133466 58.54205255 52.93782337
 50.93155851 55.02653973]
The chain is shorter than 50 times the integrated autocorrelation time for 2 parameter(s). Use this estimate with caution and run a longer chain!
N/50 = 86;
tau: [95.52078037 70.5227415  71.20073011 92.04344291 75.23717518 77.22699608
 81.92263951 74.68026377]
  f_gas=0.9879  f_ics(計)=2.037  f_halo=-385  ΔlnL=235.69  有意度=21.71σ  凸性fun_spread(max)=2.24e-08  τ_max=99.02203938818454  50τ充足=True

--- Bin02 (2.55 GeV) ---
  イベント数: 1062865
  点源マスク: 1425ピクセル除外 / |b|<10除外込みで有効ピクセル数=766575
  セル束ね: 有効セル数=120/144
The chain is shorter than 50 times the integrated autocorrelation time for 8 parameter(s). Use this estimate with caution and run a longer chain!
N/50 = 30;
tau: [60.14191653 71.55779178 59.36139264 64.33746444 57.5450297  58.48050648
 60.90310187 57.76709388]
  f_gas=1.068  f_ics(計)=1.855  f_halo=-19.83  ΔlnL=4.16  有意度=2.89σ  凸性fun_spread(max)=1.49e-08  τ_max=107.97885657328358  50τ充足=True

--- Bin03 (4.31 GeV) ---
  イベント数: 508158
  点源マスク: 1425ピクセル除外 / |b|<10除外込みで有効ピクセル数=766575
  セル束ね: 有効セル数=120/144
The chain is shorter than 50 times the integrated autocorrelation time for 8 parameter(s). Use this estimate with caution and run a longer chain!
N/50 = 30;
tau: [68.49959069 54.98910933 69.03240684 64.38561216 62.17823613 65.83314206
 53.94572087 59.68264873]
  f_gas=1.108  f_ics(計)=1.622  f_halo=20.6  ΔlnL=29.51  有意度=7.68σ  凸性fun_spread(max)=7.92e-09  τ_max=90.88194998325031  50τ充足=True

--- Bin04 (7.28 GeV) ---
  イベント数: 229889
  点源マスク: 1425ピクセル除外 / |b|<10除外込みで有効ピクセル数=766575
  セル束ね: 有効セル数=120/144
The chain is shorter than 50 times the integrated autocorrelation time for 8 parameter(s). Use this estimate with caution and run a longer chain!
N/50 = 30;
tau: [56.57996311 55.68542546 60.78006914 58.12802796 53.40618745 58.15575274
 57.34720368 63.332236  ]
The chain is shorter than 50 times the integrated autocorrelation time for 4 parameter(s). Use this estimate with caution and run a longer chain!
N/50 = 84;
tau: [87.95343977 95.46603142 79.39534787 90.14099645 74.46030801 73.5203702
 78.19383439 86.24849242]
  f_gas=1.1  f_ics(計)=1.239  f_halo=16.75  ΔlnL=129.30  有意度=16.08σ  凸性fun_spread(max)=2.10e-09  τ_max=107.35006210923535  50τ充足=True

--- Bin05 (12.29 GeV) ---
  イベント数: 104788
  点源マスク: 1425ピクセル除外 / |b|<10除外込みで有効ピクセル数=766575
  セル束ね: 有効セル数=120/144
The chain is shorter than 50 times the integrated autocorrelation time for 8 parameter(s). Use this estimate with caution and run a longer chain!
N/50 = 30;
tau: [64.3283904  69.66625776 59.62240167 64.1281859  58.06560142 57.30939196
 58.52738124 51.57933096]
  f_gas=1.075  f_ics(計)=0.9467  f_halo=7.819  ΔlnL=185.16  有意度=19.24σ  凸性fun_spread(max)=8.03e-08  τ_max=86.6659254393875  50τ充足=True

--- Bin06 (20.76 GeV) ---
  イベント数: 47498
  点源マスク: 1425ピクセル除外 / |b|<10除外込みで有効ピクセル数=766575
  セル束ね: 有効セル数=120/144
The chain is shorter than 50 times the integrated autocorrelation time for 8 parameter(s). Use this estimate with caution and run a longer chain!
N/50 = 30;
tau: [59.13703564 60.93988358 61.54739852 57.05619762 62.46199301 58.79989919
 58.16248352 58.73843906]
The chain is shorter than 50 times the integrated autocorrelation time for 3 parameter(s). Use this estimate with caution and run a longer chain!
N/50 = 83;
tau: [81.57491833 72.96704662 73.5343132  76.04117394 89.18904759 77.36222451
 86.85035862 83.96561557]
  f_gas=1.04  f_ics(計)=0.7155  f_halo=2.913  ΔlnL=167.37  有意度=18.30σ  凸性fun_spread(max)=2.01e-08  τ_max=95.6924493430979  50τ充足=True

--- Bin07 (35.06 GeV) ---
  イベント数: 22583
  点源マスク: 1425ピクセル除外 / |b|<10除外込みで有効ピクセル数=766575
  セル束ね: 有効セル数=120/144
The chain is shorter than 50 times the integrated autocorrelation time for 8 parameter(s). Use this estimate with caution and run a longer chain!
N/50 = 30;
tau: [62.75055254 62.39858352 69.88994949 64.35001512 65.93732235 58.213749
 56.28263927 67.04322048]
  f_gas=1.197  f_ics(計)=0.6904  f_halo=0.9246  ΔlnL=104.36  有意度=14.45σ  凸性fun_spread(max)=4.03e-07  τ_max=87.0302602187836  50τ充足=True

--- Bin08 (59.22 GeV) ---
  イベント数: 9768
  点源マスク: 1425ピクセル除外 / |b|<10除外込みで有効ピクセル数=766575
  セル束ね: 有効セル数=120/144
The chain is shorter than 50 times the integrated autocorrelation time for 8 parameter(s). Use this estimate with caution and run a longer chain!
N/50 = 30;
tau: [106.08977983  62.66028478  66.47835781 172.68640944  64.29274462
  76.33163173  70.7745706   67.46015518]
The chain is shorter than 50 times the integrated autocorrelation time for 2 parameter(s). Use this estimate with caution and run a longer chain!
N/50 = 120;
tau: [163.38281331  90.48001244 100.67563992 263.76934445 101.76821121
  98.08690143 106.13907601  92.79721734]
  f_gas=1.32  f_ics(計)=0.3511  f_halo=0.2517  ΔlnL=51.48  有意度=10.15σ  凸性fun_spread(max)=6.26e-10  τ_max=263.7693444465365  50τ充足=False

--- Bin09 (100.02 GeV) ---
  イベント数: 4014
  点源マスク: 1425ピクセル除外 / |b|<10除外込みで有効ピクセル数=766575
  セル束ね: 有効セル数=120/144
The chain is shorter than 50 times the integrated autocorrelation time for 8 parameter(s). Use this estimate with caution and run a longer chain!
N/50 = 30;
tau: [76.12569155 72.39176631 64.90494357 84.50005268 67.57769678 60.63256205
 70.10296808 62.13916711]
The chain is shorter than 50 times the integrated autocorrelation time for 1 parameter(s). Use this estimate with caution and run a longer chain!
N/50 = 109;
tau: [ 98.57474502  87.39783323  91.99587754 112.26075852  97.41811131
  89.7169454   93.74520391  97.81668456]
  f_gas=1.293  f_ics(計)=0.5458  f_halo=0.0644  ΔlnL=23.84  有意度=6.91σ  凸性fun_spread(max)=4.55e-11  τ_max=109.76325583141983  50τ充足=True

--- Bin10 (168.93 GeV) ---
  イベント数: 1591
  点源マスク: 1425ピクセル除外 / |b|<10除外込みで有効ピクセル数=766575
  セル束ね: 有効セル数=120/144
The chain is shorter than 50 times the integrated autocorrelation time for 8 parameter(s). Use this estimate with caution and run a longer chain!
N/50 = 30;
tau: [169.8210105   70.61766741  67.25276455 134.29597061 144.34310836
  61.03766467  78.99147552  70.10740836]
The chain is shorter than 50 times the integrated autocorrelation time for 4 parameter(s). Use this estimate with caution and run a longer chain!
N/50 = 120;
tau: [202.85747619 107.58434046 123.27841378 180.79748679 146.07961423
 105.2362867  102.14297164 108.33203622]
  f_gas=0.7815  f_ics(計)=0.9284  f_halo=0.01835  ΔlnL=15.06  有意度=5.49σ  凸性fun_spread(max)=9.09e-12  τ_max=202.85747618657035  50τ充足=False

--- Bin11 (285.33 GeV) ---
  イベント数: 607
  点源マスク: 1425ピクセル除外 / |b|<10除外込みで有効ピクセル数=766575
  セル束ね: 有効セル数=120/144
The chain is shorter than 50 times the integrated autocorrelation time for 8 parameter(s). Use this estimate with caution and run a longer chain!
N/50 = 30;
tau: [ 84.20645869  82.89528282  68.64154695  90.81463673 150.81189814
  90.64621909  78.16375218  80.99786972]
The chain is shorter than 50 times the integrated autocorrelation time for 5 parameter(s). Use this estimate with caution and run a longer chain!
N/50 = 120;
tau: [132.30665546 123.52627256 121.00425172 151.57083296 153.97853253
 107.90191024 108.17914653 116.91725195]
  f_gas=1.631  f_ics(計)=1.601  f_halo=0.002664  ΔlnL=1.99  有意度=2.00σ  凸性fun_spread(max)=1.38e+04  τ_max=153.97853253487966  50τ充足=False

--- Bin12 (481.93 GeV) ---
  イベント数: 188
  点源マスク: 1425ピクセル除外 / |b|<10除外込みで有効ピクセル数=766575
  セル束ね: 有効セル数=120/144
The chain is shorter than 50 times the integrated autocorrelation time for 8 parameter(s). Use this estimate with caution and run a longer chain!
N/50 = 30;
tau: [146.13277178  88.36479218  89.95519063  81.79013486 143.91189996
  86.79245276  87.94152142  78.75344897]
The chain is shorter than 50 times the integrated autocorrelation time for 8 parameter(s). Use this estimate with caution and run a longer chain!
N/50 = 120;
tau: [213.30242266 147.78186653 148.49490755 163.75784138 200.68595441
 157.84983069 159.35958062 143.11830802]
  f_gas=2.054  f_ics(計)=1.344  f_halo=0.0002267  ΔlnL=0.48  有意度=0.98σ  凸性fun_spread(max)=4.20e+03  τ_max=213.30242265589976  50τ充足=False

--- Bin13 (814.00 GeV) ---
  イベント数: 82
  点源マスク: 1425ピクセル除外 / |b|<10除外込みで有効ピクセル数=766575
  セル束ね: 有効セル数=120/144
The chain is shorter than 50 times the integrated autocorrelation time for 8 parameter(s). Use this estimate with caution and run a longer chain!
N/50 = 30;
tau: [132.71401964 151.28853095 100.25655056 106.22302315  96.57003997
 104.43423424  91.19975816 106.99755948]
The chain is shorter than 50 times the integrated autocorrelation time for 8 parameter(s). Use this estimate with caution and run a longer chain!
N/50 = 120;
tau: [199.57563981 538.20642823 228.24638076 192.83307428 155.71265501
 209.29626249 170.5756887  167.09938152]
  f_gas=0.2363  f_ics(計)=5.809  f_halo=5.734e-05  ΔlnL=0.00  有意度=0.00σ  凸性fun_spread(max)=1.42e-14  τ_max=538.2064282285054  50τ充足=False

→ results/mcmc_allbins_gasICS_v14_bubblefixed/halo_spectrum.png

→ results/mcmc_allbins_gasICS_v14_bubblefixed/halo_spectrum.json

完了。
