The chain is shorter than 50 times the integrated autocorrelation time for 9 parameter(s). Use this estimate with caution and run a longer chain!
N/50 = 30;
tau: [70.40550125 63.02752979 64.43553995 73.28912267 70.1865029  65.884231
 71.81628224 68.54567772 64.07345058]
The chain is shorter than 50 times the integrated autocorrelation time for 7 parameter(s). Use this estimate with caution and run a longer chain!
N/50 = 96;
tau: [109.08941567  97.46523054 101.45614065 108.50476397 115.68010725
  96.29141127  89.84336778  94.59574489 102.39600903]
The chain is shorter than 50 times the integrated autocorrelation time for 9 parameter(s). Use this estimate with caution and run a longer chain!
N/50 = 30;
tau: [154.41327441  77.26334032  69.35147812  71.6574892   79.0843774
  83.4847757   74.73567394  66.5193815   63.23160459]
The chain is shorter than 50 times the integrated autocorrelation time for 5 parameter(s). Use this estimate with caution and run a longer chain!
N/50 = 120;
tau: [333.36281154 124.91956544 149.88880463 119.5600401  153.32858186
 120.94124437 119.6540049  112.06675093 110.06506721]
The chain is shorter than 50 times the integrated autocorrelation time for 9 parameter(s). Use this estimate with caution and run a longer chain!
N/50 = 30;
tau: [73.90039178 69.55548758 77.20108838 71.07766657 73.26616491 78.75741935
 74.1842711  78.47832622 75.99759483]
The chain is shorter than 50 times the integrated autocorrelation time for 8 parameter(s). Use this estimate with caution and run a longer chain!
N/50 = 103;
tau: [110.67059039 102.76674647 106.0754261  102.88820503 110.51828585
 111.14575181 108.38662495 114.11015767  96.99496286]
The chain is shorter than 50 times the integrated autocorrelation time for 9 parameter(s). Use this estimate with caution and run a longer chain!
N/50 = 30;
tau: [82.38884287 77.61863093 80.42251184 65.69514752 68.29687307 62.40726021
 71.42476063 72.7431897  74.52017035]
The chain is shorter than 50 times the integrated autocorrelation time for 2 parameter(s). Use this estimate with caution and run a longer chain!
N/50 = 107;
tau: [104.7807532   98.70835027 111.32420717  96.03952621  98.53033462
 103.59591472 106.50171248  91.74154381 117.41892424]
The chain is shorter than 50 times the integrated autocorrelation time for 9 parameter(s). Use this estimate with caution and run a longer chain!
N/50 = 30;
tau: [ 64.21317865  72.92105701 152.72619194  67.16294273  67.96692142
  69.70476277  69.53985663  83.45639966  80.23439187]
The chain is shorter than 50 times the integrated autocorrelation time for 4 parameter(s). Use this estimate with caution and run a longer chain!
N/50 = 120;
tau: [135.60470969 110.3738982  430.56341232 105.74323395 121.1269057
 103.97293038 118.26895083 109.63346691 138.71878971]
The chain is shorter than 50 times the integrated autocorrelation time for 9 parameter(s). Use this estimate with caution and run a longer chain!
N/50 = 30;
tau: [ 86.68760098  89.94914255 126.52970589  78.79209367  91.51816822
  85.1997891   73.38495296  78.44108092  82.66402713]
The chain is shorter than 50 times the integrated autocorrelation time for 6 parameter(s). Use this estimate with caution and run a longer chain!
N/50 = 120;
tau: [154.25607722 120.88669356 564.75994505 108.17355651 125.3887756
 126.5346608  111.31524903 117.47651114 131.13884606]
The chain is shorter than 50 times the integrated autocorrelation time for 9 parameter(s). Use this estimate with caution and run a longer chain!
N/50 = 30;
tau: [ 87.53517422  82.97718881 128.15708741  80.43945882  96.5052002
 174.12462877  79.70861994  86.00654653  85.76628401]
The chain is shorter than 50 times the integrated autocorrelation time for 9 parameter(s). Use this estimate with caution and run a longer chain!
N/50 = 120;
tau: [142.39138904 147.7071773  477.70355866 130.78959423 170.1711595
 232.51962163 137.9891401  132.31541952 134.11383869]
The chain is shorter than 50 times the integrated autocorrelation time for 9 parameter(s). Use this estimate with caution and run a longer chain!
N/50 = 30;
tau: [ 80.05057891  81.69132242 168.31996373  80.51772285 161.41697616
 166.70293525 100.78318675  75.83781128  96.34425653]
The chain is shorter than 50 times the integrated autocorrelation time for 9 parameter(s). Use this estimate with caution and run a longer chain!
N/50 = 120;
tau: [150.29225607 145.74488807 551.51561784 144.90741386 245.35632771
 236.56493882 162.07302225 155.91360671 202.06211624]
The chain is shorter than 50 times the integrated autocorrelation time for 9 parameter(s). Use this estimate with caution and run a longer chain!
N/50 = 30;
tau: [ 99.30340557  82.58841026 156.87322165  84.32685897 174.97041259
 140.94722988  95.07324824  77.26178868  86.60745955]
The chain is shorter than 50 times the integrated autocorrelation time for 9 parameter(s). Use this estimate with caution and run a longer chain!
N/50 = 120;
tau: [183.46083083 148.39254644 586.8604256  171.53945253 255.51146907
 213.73516559 162.75782055 147.03134126 182.7554125 ]
The chain is shorter than 50 times the integrated autocorrelation time for 9 parameter(s). Use this estimate with caution and run a longer chain!
N/50 = 30;
tau: [153.42450588 166.93176178 174.93239171 105.78509915 160.58565127
 107.81073007  97.69466992 112.92267617 153.30443202]
The chain is shorter than 50 times the integrated autocorrelation time for 9 parameter(s). Use this estimate with caution and run a longer chain!
N/50 = 120;
tau: [247.53976714 591.68863406 482.17722838 165.43586154 201.71896112
 211.79828785 201.91682004 205.62455293 431.53722133]
The chain is shorter than 50 times the integrated autocorrelation time for 9 parameter(s). Use this estimate with caution and run a longer chain!
N/50 = 30;
tau: [171.95734176 129.38343375  91.88044214  89.50877216 129.27927679
 132.40912141  90.88097732 109.10126204 118.62045064]
The chain is shorter than 50 times the integrated autocorrelation time for 9 parameter(s). Use this estimate with caution and run a longer chain!
N/50 = 120;
tau: [285.91138409 223.72713332 186.19025382 167.4567856  207.59837416
 192.96374655 165.2969155  193.76362729 209.88194029]
The chain is shorter than 50 times the integrated autocorrelation time for 9 parameter(s). Use this estimate with caution and run a longer chain!
N/50 = 30;
tau: [164.34961973 110.87119217 104.71268356  88.96361656 138.64352874
 112.60995688  94.36415383 115.6485957  118.30720953]
The chain is shorter than 50 times the integrated autocorrelation time for 9 parameter(s). Use this estimate with caution and run a longer chain!
N/50 = 120;
tau: [285.74810315 238.86629044 229.37834605 206.75541338 263.26291686
 228.52271049 217.27784992 199.12107919 264.38327061]
The chain is shorter than 50 times the integrated autocorrelation time for 9 parameter(s). Use this estimate with caution and run a longer chain!
N/50 = 30;
tau: [111.26051729 164.5289729  163.33134888 100.517102   130.80780342
  89.79840038 107.20644219  90.53967287 135.31274409]
The chain is shorter than 50 times the integrated autocorrelation time for 9 parameter(s). Use this estimate with caution and run a longer chain!
N/50 = 120;
tau: [234.63792669 661.43676189 611.95127393 186.946591   249.93533512
 194.8893501  188.33739545 275.32069398 408.48838738]
再現性シード固定: np.random.seed(42)
尤度セル束ね(CELL_MODE)=True  f_halo符号自由(SIGNFREE_HALO)=True
  NONNEG_IDX=(0, 1, 2, 3, 4, 5, 6)  SIGNFREE_IDX=(7, 8)  出力先=results/mcmc_allbins_gasICS_v21_bmin30
実測露出マップ読み込み中...
  露出マップを (120, 120) → (960, 960) に補間アップサンプル
イベントデータ読み込み中...
NFW J-factorマップ計算中(数分)...
  NFW校正: norm=4.8717e-15 (基準: b=90.0°, flux=6.803e-14 ph/cm2/s/sr/MeV, exposure=5.485e+11 cm2s)
バブルテンプレート構築中(Bin3基準、正負2成分+Gaussian smoothing)...
  disk込み構築: 全ROIイベント=15433292 (うち銀河面|b|<10=10582824)
  バブル構築ビン Bin1 (1.51 GeV): イベント 6575217
  バブル構築ビン Bin3 (4.31 GeV): イベント 1593436
  平坦テンプレ境界(反復3回・2ビン合成): 85875 px (9.3% of grid)
    バブル構築用フィット(4.3 GeV): A_gas=1.422, A_ics=1.573, A_gce=0.621, A_flat=0.1981, A_iso=0, A_liA=0.06623, A_liB=0.02011, A_ps=1.298
    有効ピクセル数(構築ROI): 904015 | 正の残差ピクセル: 469473 | 負の残差ピクセル: 452089
Loop I幾何シェルテンプレート計算中(2シェル視線積分)...

--- Bin01 (1.51 GeV) ---
  イベント数: 2042272
  拡張源マスク: 17585ピクセル除外 / |b|<10除外込みで有効ピクセル数=458710
  セル束ね: 有効セル数=72/144
  f_gas=1.171  f_ics(計)=2.512  f_halo=-567.4  ΔlnL=77.77  有意度=12.47σ  凸性fun_spread(max)=9.50e-08  τ_max=109.3602299443701  50τ充足=True

--- Bin02 (2.55 GeV) ---
  イベント数: 1062865
  拡張源マスク: 17585ピクセル除外 / |b|<10除外込みで有効ピクセル数=458710
  セル束ね: 有効セル数=72/144
  f_gas=1.304  f_ics(計)=1.757  f_halo=-20.33  ΔlnL=1.10  有意度=1.48σ  凸性fun_spread(max)=2.33e-08  τ_max=333.3628115368856  50τ充足=False

--- Bin03 (4.31 GeV) ---
  イベント数: 508158
  拡張源マスク: 17585ピクセル除外 / |b|<10除外込みで有効ピクセル数=458710
  セル束ね: 有効セル数=72/144
  f_gas=1.424  f_ics(計)=1.33  f_halo=17.75  ΔlnL=3.00  有意度=2.45σ  凸性fun_spread(max)=2.03e-08  τ_max=110.17533883918043  50τ充足=True

--- Bin04 (7.28 GeV) ---
  イベント数: 229889
  拡張源マスク: 17585ピクセル除外 / |b|<10除外込みで有効ピクセル数=458710
  セル束ね: 有効セル数=72/144
  f_gas=1.543  f_ics(計)=0.2527  f_halo=22.28  ΔlnL=37.12  有意度=8.62σ  凸性fun_spread(max)=3.44e-07  τ_max=118.18685210799923  50τ充足=False

--- Bin05 (12.29 GeV) ---
  イベント数: 104788
  拡張源マスク: 17585ピクセル除外 / |b|<10除外込みで有効ピクセル数=458710
  セル束ね: 有効セル数=72/144
  f_gas=1.461  f_ics(計)=0.07716  f_halo=8.869  ΔlnL=44.87  有意度=9.47σ  凸性fun_spread(max)=2.47e-09  τ_max=430.5634123227371  50τ充足=False

--- Bin06 (20.76 GeV) ---
  イベント数: 47498
  拡張源マスク: 17585ピクセル除外 / |b|<10除外込みで有効ピクセル数=458710
  セル束ね: 有効セル数=72/144
  f_gas=1.362  f_ics(計)=0.04923  f_halo=3.084  ΔlnL=39.30  有意度=8.87σ  凸性fun_spread(max)=7.63e-09  τ_max=564.7599450459993  50τ充足=False

--- Bin07 (35.06 GeV) ---
  イベント数: 22583
  拡張源マスク: 17585ピクセル除外 / |b|<10除外込みで有効ピクセル数=458710
  セル束ね: 有効セル数=72/144
  f_gas=1.555  f_ics(計)=0.07433  f_halo=0.9267  ΔlnL=26.10  有意度=7.23σ  凸性fun_spread(max)=4.44e-10  τ_max=477.703558655679  50τ充足=False

--- Bin08 (59.22 GeV) ---
  イベント数: 9768
  拡張源マスク: 17585ピクセル除外 / |b|<10除外込みで有効ピクセル数=458710
  セル束ね: 有効セル数=72/144
  f_gas=1.688  f_ics(計)=0.1335  f_halo=0.2604  ΔlnL=14.49  有意度=5.38σ  凸性fun_spread(max)=1.13e-07  τ_max=551.5156178417328  50τ充足=False

--- Bin09 (100.02 GeV) ---
  イベント数: 4014
  拡張源マスク: 17585ピクセル除外 / |b|<10除外込みで有効ピクセル数=458710
  セル束ね: 有効セル数=72/144
  f_gas=1.013  f_ics(計)=0.1492  f_halo=0.05407  ΔlnL=6.58  有意度=3.63σ  凸性fun_spread(max)=2.60e-07  τ_max=586.8604256043342  50τ充足=False

--- Bin10 (168.93 GeV) ---
  イベント数: 1591
  拡張源マスク: 17585ピクセル除外 / |b|<10除外込みで有効ピクセル数=458710
  セル束ね: 有効セル数=72/144
  f_gas=0.1465  f_ics(計)=0.2512  f_halo=0.01744  ΔlnL=8.45  有意度=4.11σ  凸性fun_spread(max)=2.57e-08  τ_max=591.6886340561965  50τ充足=False

--- Bin11 (285.33 GeV) ---
  イベント数: 607
  拡張源マスク: 17585ピクセル除外 / |b|<10除外込みで有効ピクセル数=458710
  セル束ね: 有効セル数=72/144
  f_gas=0.8384  f_ics(計)=2.086  f_halo=-0.0001142  ΔlnL=0.42  有意度=0.92σ  凸性fun_spread(max)=2.16e-05  τ_max=285.9113840915274  50τ充足=False

--- Bin12 (481.93 GeV) ---
  イベント数: 188
  拡張源マスク: 17585ピクセル除外 / |b|<10除外込みで有効ピクセル数=458710
  セル束ね: 有効セル数=72/144
  f_gas=1.885  f_ics(計)=3.443  f_halo=-0.0007144  ΔlnL=0.09  有意度=0.42σ  凸性fun_spread(max)=5.03e-06  τ_max=285.7481031452324  50τ充足=False

--- Bin13 (814.00 GeV) ---
  イベント数: 82
  拡張源マスク: 17585ピクセル除外 / |b|<10除外込みで有効ピクセル数=458710
  セル束ね: 有効セル数=72/144
  f_gas=0.0228  f_ics(計)=0.9185  f_halo=-0.0004115  ΔlnL=0.00  有意度=0.03σ  凸性fun_spread(max)=2.84e-14  τ_max=661.4367618890628  50τ充足=False

→ results/mcmc_allbins_gasICS_v21_bmin30/halo_spectrum.png

→ results/mcmc_allbins_gasICS_v21_bmin30/halo_spectrum.json

完了。
