The chain is shorter than 50 times the integrated autocorrelation time for 9 parameter(s). Use this estimate with caution and run a longer chain!
N/50 = 30;
tau: [62.95881751 54.29372932 54.48181779 65.9468276  54.49073891 56.53491749
 74.75754504 51.25558666 55.53798671]
The chain is shorter than 50 times the integrated autocorrelation time for 9 parameter(s). Use this estimate with caution and run a longer chain!
N/50 = 30;
tau: [123.7469727   54.35976252  60.955795    77.89031628  68.24198417
  76.25298267  61.23770321  72.85913961  71.38218948]
The chain is shorter than 50 times the integrated autocorrelation time for 6 parameter(s). Use this estimate with caution and run a longer chain!
N/50 = 120;
tau: [431.45002909 106.96356015 225.2741804  125.19470232 140.09185261
 101.42042082 104.91082638 120.61046836 163.73729661]
The chain is shorter than 50 times the integrated autocorrelation time for 9 parameter(s). Use this estimate with caution and run a longer chain!
N/50 = 30;
tau: [96.85483835 64.95772425 75.37012902 70.55115401 71.02517966 76.6480936
 58.76829502 82.82551406 72.34022679]
The chain is shorter than 50 times the integrated autocorrelation time for 3 parameter(s). Use this estimate with caution and run a longer chain!
N/50 = 120;
tau: [122.92388954  97.3812475  121.3066469  102.52123161 115.87349682
  94.4634504   90.1487112  111.12212328 131.17319337]
The chain is shorter than 50 times the integrated autocorrelation time for 9 parameter(s). Use this estimate with caution and run a longer chain!
N/50 = 30;
tau: [76.10418076 60.93036108 70.75076634 66.35224278 70.3481576  66.97832011
 74.86686499 61.92626547 66.12596671]
The chain is shorter than 50 times the integrated autocorrelation time for 8 parameter(s). Use this estimate with caution and run a longer chain!
N/50 = 99;
tau: [105.5145372   95.77153999 108.22162044 106.59925726 108.86441859
 104.98500409 103.63262059 101.18532905 107.79051179]
The chain is shorter than 50 times the integrated autocorrelation time for 1 parameter(s). Use this estimate with caution and run a longer chain!
N/50 = 120;
tau: [110.08724501  95.77323402 107.7663827  105.12786776 100.38739092
 106.37038462 117.27256801  98.0202411  121.04243279]
The chain is shorter than 50 times the integrated autocorrelation time for 9 parameter(s). Use this estimate with caution and run a longer chain!
N/50 = 30;
tau: [ 82.36042929  70.2387284  146.10663609  69.67690864  60.65220087
  73.81272302  85.17089635  61.78575562  80.26802499]
The chain is shorter than 50 times the integrated autocorrelation time for 6 parameter(s). Use this estimate with caution and run a longer chain!
N/50 = 120;
tau: [143.59949669 147.57450957 525.96284135 126.86570428 120.26576363
 108.94003405 115.99453306 118.14591138 212.29091556]
The chain is shorter than 50 times the integrated autocorrelation time for 9 parameter(s). Use this estimate with caution and run a longer chain!
N/50 = 30;
tau: [154.23946667  84.83019117 142.58701363  87.13829196  74.64491269
  82.21037632  75.24946697  74.48732508  73.00946373]
The chain is shorter than 50 times the integrated autocorrelation time for 8 parameter(s). Use this estimate with caution and run a longer chain!
N/50 = 120;
tau: [276.10992199 244.25075443 615.14637042 118.44199185 165.33763874
 131.27938274 131.79866491 126.90096195 170.60376297]
The chain is shorter than 50 times the integrated autocorrelation time for 9 parameter(s). Use this estimate with caution and run a longer chain!
N/50 = 30;
tau: [173.34063555  95.62733427 169.29216762  75.81018292  97.18726606
 169.23729534  77.94879995  79.24646588  98.5565775 ]
The chain is shorter than 50 times the integrated autocorrelation time for 9 parameter(s). Use this estimate with caution and run a longer chain!
N/50 = 120;
tau: [230.74212886 217.71605502 622.7377348  156.49671889 209.8846083
 267.73141643 129.18035929 158.08078042 150.10975675]
The chain is shorter than 50 times the integrated autocorrelation time for 9 parameter(s). Use this estimate with caution and run a longer chain!
N/50 = 30;
tau: [154.1824463   87.38217208 173.3415463   92.72741575 141.94336297
 124.89735832  82.97218402  86.65540135 104.90848657]
The chain is shorter than 50 times the integrated autocorrelation time for 9 parameter(s). Use this estimate with caution and run a longer chain!
N/50 = 120;
tau: [282.65092494 187.90949258 612.92437233 177.90572257 207.87824746
 229.7794644  146.30495437 226.11244256 387.08489263]
The chain is shorter than 50 times the integrated autocorrelation time for 9 parameter(s). Use this estimate with caution and run a longer chain!
N/50 = 30;
tau: [168.13814089  91.32569305 163.65470271  92.87959095 162.59039911
 159.78130384  93.06106986  79.93482883 117.03529602]
The chain is shorter than 50 times the integrated autocorrelation time for 9 parameter(s). Use this estimate with caution and run a longer chain!
N/50 = 120;
tau: [239.74949159 212.39723109 621.95731044 163.80273819 299.27003251
 222.29671595 153.99633369 217.83369836 427.68286362]
The chain is shorter than 50 times the integrated autocorrelation time for 9 parameter(s). Use this estimate with caution and run a longer chain!
N/50 = 30;
tau: [170.52492697 169.9615283  173.77521682  75.56207725 137.68815058
 114.63686821  98.92675251  95.72361    155.38014452]
The chain is shorter than 50 times the integrated autocorrelation time for 9 parameter(s). Use this estimate with caution and run a longer chain!
N/50 = 120;
tau: [219.56290499 478.73848199 542.05964191 175.81258565 237.02985349
 240.40835829 207.16198282 196.41917312 317.69683921]
The chain is shorter than 50 times the integrated autocorrelation time for 9 parameter(s). Use this estimate with caution and run a longer chain!
N/50 = 30;
tau: [168.47721932 103.59103711 177.16691911  92.19882004 166.77097796
 133.99334042  81.36123333  93.69497584 160.63150179]
The chain is shorter than 50 times the integrated autocorrelation time for 9 parameter(s). Use this estimate with caution and run a longer chain!
N/50 = 120;
tau: [253.15744496 199.33247714 635.21055763 177.55869166 225.75926002
 198.29493134 166.82049713 163.55424898 453.97918821]
The chain is shorter than 50 times the integrated autocorrelation time for 9 parameter(s). Use this estimate with caution and run a longer chain!
N/50 = 30;
tau: [172.66699462  95.7683127  172.1835577   89.4002012  100.65426825
 164.33520501 145.51173744  92.70636213 145.7598312 ]
The chain is shorter than 50 times the integrated autocorrelation time for 9 parameter(s). Use this estimate with caution and run a longer chain!
N/50 = 120;
tau: [286.24043234 210.37106636 652.88770083 196.78475979 198.56826344
 221.71547615 191.00256972 190.11709566 242.17057977]
The chain is shorter than 50 times the integrated autocorrelation time for 9 parameter(s). Use this estimate with caution and run a longer chain!
N/50 = 30;
tau: [163.75591217 163.23826285 175.00021724 112.65993498 149.31457688
 114.70771267 152.57590099 103.50515119 172.71981903]
The chain is shorter than 50 times the integrated autocorrelation time for 9 parameter(s). Use this estimate with caution and run a longer chain!
N/50 = 120;
tau: [258.44352575 638.19345536 598.29854041 194.47966536 248.58713065
 254.9731906  238.14860989 246.36379745 503.6898305 ]
再現性シード固定: np.random.seed(42)
尤度セル束ね(CELL_MODE)=True  f_halo符号自由(SIGNFREE_HALO)=True
  NONNEG_IDX=(0, 1, 2, 3, 4, 5, 6)  SIGNFREE_IDX=(7, 8)  出力先=results/mcmc_allbins_gasICS_v21_bmin40
実測露出マップ読み込み中...
  露出マップを (120, 120) → (960, 960) に補間アップサンプル
イベントデータ読み込み中...
NFW J-factorマップ計算中(数分)...
  NFW校正: norm=4.8717e-15 (基準: b=90.0°, flux=6.803e-14 ph/cm2/s/sr/MeV, exposure=5.485e+11 cm2s)
バブルテンプレート構築中(Bin3基準、正負2成分+Gaussian smoothing)...
  disk込み構築: 全ROIイベント=15433292 (うち銀河面|b|<10=10582824)
  バブル構築ビン Bin1 (1.51 GeV): イベント 6575217
  バブル構築ビン Bin3 (4.31 GeV): イベント 1593436
  平坦テンプレ境界(反復3回・2ビン合成): 85875 px (9.3% of grid)
    バブル構築用フィット(4.3 GeV): A_gas=1.422, A_ics=1.573, A_gce=0.621, A_flat=0.1981, A_iso=0, A_liA=0.06623, A_liB=0.02011, A_ps=1.298
    有効ピクセル数(構築ROI): 904015 | 正の残差ピクセル: 469473 | 負の残差ピクセル: 452089
Loop I幾何シェルテンプレート計算中(2シェル視線積分)...

--- Bin01 (1.51 GeV) ---
  イベント数: 2042272
  拡張源マスク: 17585ピクセル除外 / |b|<10除外込みで有効ピクセル数=305110
  セル束ね: 有効セル数=48/144
  f_gas=1.268  f_ics(計)=2.486  f_halo=-969.6  ΔlnL=37.24  有意度=8.63σ  凸性fun_spread(max)=8.38e-09  τ_max=107.40422151325397  50τ充足=True

--- Bin02 (2.55 GeV) ---
  イベント数: 1062865
  拡張源マスク: 17585ピクセル除外 / |b|<10除外込みで有効ピクセル数=305110
  セル束ね: 有効セル数=48/144
  f_gas=1.401  f_ics(計)=1.724  f_halo=-124.3  ΔlnL=6.10  有意度=3.49σ  凸性fun_spread(max)=7.45e-09  τ_max=431.45002909445344  50τ充足=False

--- Bin03 (4.31 GeV) ---
  イベント数: 508158
  拡張源マスク: 17585ピクセル除外 / |b|<10除外込みで有効ピクセル数=305110
  セル束ね: 有効セル数=48/144
  f_gas=1.449  f_ics(計)=1.1  f_halo=22.61  ΔlnL=0.56  有意度=1.05σ  凸性fun_spread(max)=1.14e-08  τ_max=131.17319337363617  50τ充足=False

--- Bin04 (7.28 GeV) ---
  イベント数: 229889
  拡張源マスク: 17585ピクセル除外 / |b|<10除外込みで有効ピクセル数=305110
  セル束ね: 有効セル数=48/144
  f_gas=1.333  f_ics(計)=0.8327  f_halo=24.24  ΔlnL=8.42  有意度=4.10σ  凸性fun_spread(max)=8.10e-08  τ_max=121.0424327929295  50τ充足=False

--- Bin05 (12.29 GeV) ---
  イベント数: 104788
  拡張源マスク: 17585ピクセル除外 / |b|<10除外込みで有効ピクセル数=305110
  セル束ね: 有効セル数=48/144
  f_gas=1.144  f_ics(計)=0.1468  f_halo=14.26  ΔlnL=28.23  有意度=7.51σ  凸性fun_spread(max)=3.06e-10  τ_max=525.9628413507327  50τ充足=False

--- Bin06 (20.76 GeV) ---
  イベント数: 47498
  拡張源マスク: 17585ピクセル除外 / |b|<10除外込みで有効ピクセル数=305110
  セル束ね: 有効セル数=48/144
  f_gas=1.172  f_ics(計)=0.1416  f_halo=3.546  ΔlnL=12.78  有意度=5.05σ  凸性fun_spread(max)=3.13e-10  τ_max=615.1463704215207  50τ充足=False

--- Bin07 (35.06 GeV) ---
  イベント数: 22583
  拡張源マスク: 17585ピクセル除外 / |b|<10除外込みで有効ピクセル数=305110
  セル束ね: 有効セル数=48/144
  f_gas=0.8098  f_ics(計)=0.08331  f_halo=1.553  ΔlnL=21.18  有意度=6.51σ  凸性fun_spread(max)=3.07e-08  τ_max=622.7377347951451  50τ充足=False

--- Bin08 (59.22 GeV) ---
  イベント数: 9768
  拡張源マスク: 17585ピクセル除外 / |b|<10除外込みで有効ピクセル数=305110
  セル束ね: 有効セル数=48/144
  f_gas=0.6441  f_ics(計)=0.1079  f_halo=0.4297  ΔlnL=14.86  有意度=5.45σ  凸性fun_spread(max)=2.46e-06  τ_max=612.9243723339214  50τ充足=False

--- Bin09 (100.02 GeV) ---
  イベント数: 4014
  拡張源マスク: 17585ピクセル除外 / |b|<10除外込みで有効ピクセル数=305110
  セル束ね: 有効セル数=48/144
  f_gas=0.9596  f_ics(計)=0.3219  f_halo=0.06665  ΔlnL=3.51  有意度=2.65σ  凸性fun_spread(max)=2.33e-05  τ_max=621.9573104363295  50τ充足=False

--- Bin10 (168.93 GeV) ---
  イベント数: 1591
  拡張源マスク: 17585ピクセル除外 / |b|<10除外込みで有効ピクセル数=305110
  セル束ね: 有効セル数=48/144
  f_gas=0.1752  f_ics(計)=0.4047  f_halo=0.01702  ΔlnL=5.11  有意度=3.20σ  凸性fun_spread(max)=5.08e-10  τ_max=542.0596419110217  50τ充足=False

--- Bin11 (285.33 GeV) ---
  イベント数: 607
  拡張源マスク: 17585ピクセル除外 / |b|<10除外込みで有効ピクセル数=305110
  セル束ね: 有効セル数=48/144
  f_gas=2.609  f_ics(計)=0.7728  f_halo=-0.00169  ΔlnL=0.34  有意度=0.83σ  凸性fun_spread(max)=4.20e-06  τ_max=635.2105576270509  50τ充足=False

--- Bin12 (481.93 GeV) ---
  イベント数: 188
  拡張源マスク: 17585ピクセル除外 / |b|<10除外込みで有効ピクセル数=305110
  セル束ね: 有効セル数=48/144
  f_gas=3.023  f_ics(計)=0.5745  f_halo=-0.002905  ΔlnL=0.23  有意度=0.68σ  凸性fun_spread(max)=2.23e+01  τ_max=652.8877008274351  50τ充足=False

--- Bin13 (814.00 GeV) ---
  イベント数: 82
  拡張源マスク: 17585ピクセル除外 / |b|<10除外込みで有効ピクセル数=305110
  セル束ね: 有効セル数=48/144
  f_gas=0.4854  f_ics(計)=2.773  f_halo=-0.001044  ΔlnL=0.24  有意度=0.70σ  凸性fun_spread(max)=3.79e-11  τ_max=638.1934553621211  50τ充足=False

→ results/mcmc_allbins_gasICS_v21_bmin40/halo_spectrum.png

→ results/mcmc_allbins_gasICS_v21_bmin40/halo_spectrum.json

完了。
