The chain is shorter than 50 times the integrated autocorrelation time for 8 parameter(s). Use this estimate with caution and run a longer chain!
N/50 = 30;
tau: [58.11600119 64.89102342 57.82939803 61.3407771  63.02268611 61.73371833
 58.69267207 57.89003427]
The chain is shorter than 50 times the integrated autocorrelation time for 1 parameter(s). Use this estimate with caution and run a longer chain!
N/50 = 86;
tau: [81.26533998 83.98432519 73.9430301  80.39719437 80.74075014 86.68757332
 85.20133249 70.77275161]
The chain is shorter than 50 times the integrated autocorrelation time for 8 parameter(s). Use this estimate with caution and run a longer chain!
N/50 = 30;
tau: [61.71270141 77.2126719  60.27465769 58.3534484  67.68829823 61.20018804
 63.77665915 64.15013391]
The chain is shorter than 50 times the integrated autocorrelation time for 8 parameter(s). Use this estimate with caution and run a longer chain!
N/50 = 30;
tau: [67.0820263  59.64075416 58.06538602 70.76893673 60.00863336 58.14862274
 51.98595197 60.54466253]
The chain is shorter than 50 times the integrated autocorrelation time for 8 parameter(s). Use this estimate with caution and run a longer chain!
N/50 = 30;
tau: [51.32742392 61.93152107 61.18795981 49.58923454 58.3680246  58.39653246
 57.21191219 61.29594179]
The chain is shorter than 50 times the integrated autocorrelation time for 2 parameter(s). Use this estimate with caution and run a longer chain!
N/50 = 82;
tau: [66.09952082 85.31333069 73.11570991 66.76667417 73.17672693 84.48262751
 77.90232838 73.70115895]
The chain is shorter than 50 times the integrated autocorrelation time for 8 parameter(s). Use this estimate with caution and run a longer chain!
N/50 = 30;
tau: [55.02347596 64.02711201 64.92787443 58.07552483 58.17019667 73.14518102
 73.61167358 61.0004745 ]
The chain is shorter than 50 times the integrated autocorrelation time for 8 parameter(s). Use this estimate with caution and run a longer chain!
N/50 = 30;
tau: [59.35929168 63.97937568 58.59905274 55.13676421 64.15278694 52.01881835
 68.22330017 58.45134423]
The chain is shorter than 50 times the integrated autocorrelation time for 1 parameter(s). Use this estimate with caution and run a longer chain!
N/50 = 114;
tau: [ 83.55651934  75.99220206  92.51216453  83.85601706  83.87783036
  91.67856997  95.41385548 116.66438718]
The chain is shorter than 50 times the integrated autocorrelation time for 8 parameter(s). Use this estimate with caution and run a longer chain!
N/50 = 30;
tau: [ 62.33103571  67.30482539  69.53670461  70.59017251 157.47162964
  61.94216324  65.17849101  66.75550722]
The chain is shorter than 50 times the integrated autocorrelation time for 1 parameter(s). Use this estimate with caution and run a longer chain!
N/50 = 120;
tau: [ 93.19065433  93.82693836  95.39628457  97.64964894 310.45745179
  99.19783407  99.36137806  93.56332519]
The chain is shorter than 50 times the integrated autocorrelation time for 8 parameter(s). Use this estimate with caution and run a longer chain!
N/50 = 30;
tau: [ 95.26324201  76.65775719  80.83591512 167.95400463 168.16676061
  56.01779485  71.01034833  75.73551639]
The chain is shorter than 50 times the integrated autocorrelation time for 3 parameter(s). Use this estimate with caution and run a longer chain!
N/50 = 120;
tau: [213.94565141  99.90036158 117.35118043 307.82820813 246.78392634
 114.64844867 119.11447595 111.54583499]
The chain is shorter than 50 times the integrated autocorrelation time for 8 parameter(s). Use this estimate with caution and run a longer chain!
N/50 = 30;
tau: [ 67.28477799  64.26015558  79.11084753  70.63702805 164.63790131
  73.37986948  62.86100497  72.54881234]
The chain is shorter than 50 times the integrated autocorrelation time for 1 parameter(s). Use this estimate with caution and run a longer chain!
N/50 = 120;
tau: [105.76473225  99.09046268 103.84872443 105.28141505 345.76219976
  92.37979253  96.99144228 112.16804395]
The chain is shorter than 50 times the integrated autocorrelation time for 8 parameter(s). Use this estimate with caution and run a longer chain!
N/50 = 30;
tau: [ 72.80402479  71.6811465   79.64400898  74.91469983 164.84535828
  68.14517482  65.3158442   66.63839684]
The chain is shorter than 50 times the integrated autocorrelation time for 3 parameter(s). Use this estimate with caution and run a longer chain!
N/50 = 120;
tau: [126.39223918 111.57465412 114.57612323 123.11350275 251.01480303
 115.87793166 109.73064712 109.39131534]
The chain is shorter than 50 times the integrated autocorrelation time for 8 parameter(s). Use this estimate with caution and run a longer chain!
N/50 = 30;
tau: [ 68.5630266   73.53805788  75.93530283  73.19530237 168.56328775
  62.49390339  72.44734025  79.61154724]
The chain is shorter than 50 times the integrated autocorrelation time for 1 parameter(s). Use this estimate with caution and run a longer chain!
N/50 = 120;
tau: [110.3387813  109.54245442 114.97607151 119.9073375  330.4199745
 113.97438257 100.98473725 115.53556983]
The chain is shorter than 50 times the integrated autocorrelation time for 8 parameter(s). Use this estimate with caution and run a longer chain!
N/50 = 30;
tau: [101.15820862  83.72890459 145.86046967  79.46952375 176.67631302
  87.95780565  89.78907209  74.06605513]
The chain is shorter than 50 times the integrated autocorrelation time for 6 parameter(s). Use this estimate with caution and run a longer chain!
N/50 = 120;
tau: [116.17109137 173.24638067 517.09678436 113.54595455 265.54382875
 132.7297742  124.40632649 155.9115372 ]
The chain is shorter than 50 times the integrated autocorrelation time for 8 parameter(s). Use this estimate with caution and run a longer chain!
N/50 = 30;
tau: [101.46660818  82.37512285  87.88905165 158.40399525 174.30603969
 151.53278315  87.69965253  84.41621382]
The chain is shorter than 50 times the integrated autocorrelation time for 8 parameter(s). Use this estimate with caution and run a longer chain!
N/50 = 120;
tau: [272.55482228 157.59226422 145.293658   242.68531383 209.61876909
 405.6542893  173.87675211 160.08069064]
再現性シード固定: np.random.seed(42)
尤度セル束ね(CELL_MODE)=False  f_halo符号自由(SIGNFREE_HALO)=True
  NONNEG_IDX=(0, 1, 2, 3, 4, 5)  SIGNFREE_IDX=(6, 7)  出力先=results/mcmc_allbins_gasICS_v8_diskbubble
実測露出マップ読み込み中...
イベントデータ読み込み中...
NFW J-factorマップ計算中(数分)...
  NFW校正: norm=2.2847e-15 (基準: b=-59.5°, flux=6.803e-14 ph/cm2/s/sr/MeV, exposure=5.501e+11 cm2s)
バブルテンプレート構築中(Bin3基準、正負2成分+Gaussian smoothing)...
  disk込み構築: 全ROIイベント=11522715 (うち銀河面|b|<10=6070958)
  バブルテンプレート構築(正負2成分): Bin3 (4.31 GeV)
    バブル構築用GALPROP+GCEフィット: GALPROP+GCE(counts単位: A_gas=0.7577, A_ics=2.382, A_gce=1.179, off=-6.6909)
    有効ピクセル数(|b|>=10, ROI全域): 14400 | 正の残差ピクセル: 13718 | 負の残差ピクセル: 13529
Loop I幾何シェルテンプレート計算中(2シェル視線積分)...

--- Bin01 (1.51 GeV) ---
  イベント数: 2286646
  点源マスク: 1375ピクセル除外 / |b|<10除外込みで有効ピクセル数=10625
  f_gas=0.8333  f_ics=1.983  f_halo=387.9  ΔlnL=232.51  有意度=21.56σ  凸性fun_spread(max)=3.73e-09  τ_max=90.32720931881245  50τ充足=True

--- Bin02 (2.55 GeV) ---
  イベント数: 1161203
  点源マスク: 1375ピクセル除外 / |b|<10除外込みで有効ピクセル数=10625
  f_gas=0.8851  f_ics=1.705  f_halo=217.4  ΔlnL=512.78  有意度=32.02σ  凸性fun_spread(max)=3.26e-09  τ_max=89.08560675489949  50τ充足=True

--- Bin03 (4.31 GeV) ---
  イベント数: 556297
  点源マスク: 1375ピクセル除外 / |b|<10除外込みで有効ピクセル数=10625
  f_gas=0.8888  f_ics=1.486  f_halo=92.36  ΔlnL=614.42  有意度=35.05σ  凸性fun_spread(max)=9.31e-10  τ_max=101.11132495207038  50τ充足=True

--- Bin04 (7.28 GeV) ---
  イベント数: 259646
  点源マスク: 1375ピクセル除外 / |b|<10除外込みで有効ピクセル数=10625
  f_gas=0.9403  f_ics=1.013  f_halo=40.78  ΔlnL=762.66  有意度=39.06σ  凸性fun_spread(max)=1.57e-09  τ_max=94.9786574586539  50τ充足=True

--- Bin05 (12.29 GeV) ---
  イベント数: 122684
  点源マスク: 1375ピクセル除外 / |b|<10除外込みで有効ピクセル数=10625
  f_gas=0.9263  f_ics=0.8147  f_halo=14.66  ΔlnL=628.12  有意度=35.44σ  凸性fun_spread(max)=2.62e-10  τ_max=91.36110585125934  50τ充足=True

--- Bin06 (20.76 GeV) ---
  イベント数: 56533
  点源マスク: 1375ピクセル除外 / |b|<10除外込みで有効ピクセル数=10625
  f_gas=0.8875  f_ics=0.5189  f_halo=4.943  ΔlnL=459.19  有意度=30.30σ  凸性fun_spread(max)=1.82e-11  τ_max=116.66438717580323  50τ充足=False

--- Bin07 (35.06 GeV) ---
  イベント数: 27563
  点源マスク: 1375ピクセル除外 / |b|<10除外込みで有効ピクセル数=10625
  f_gas=0.9165  f_ics=0.6808  f_halo=1.496  ΔlnL=256.41  有意度=22.65σ  凸性fun_spread(max)=1.36e-12  τ_max=310.45745178807294  50τ充足=False

--- Bin08 (59.22 GeV) ---
  イベント数: 12504
  点源マスク: 1375ピクセル除外 / |b|<10除外込みで有効ピクセル数=10625
  f_gas=1.043  f_ics=0.1641  f_halo=0.4197  ΔlnL=135.82  有意度=16.48σ  凸性fun_spread(max)=2.36e-11  τ_max=307.82820812820034  50τ充足=False

--- Bin09 (100.02 GeV) ---
  イベント数: 5468
  点源マスク: 1375ピクセル除外 / |b|<10除外込みで有効ピクセル数=10625
  f_gas=0.8234  f_ics=0.9446  f_halo=0.1062  ΔlnL=53.63  有意度=10.36σ  凸性fun_spread(max)=1.82e-12  τ_max=345.7621997559048  50τ充足=False

--- Bin10 (168.93 GeV) ---
  イベント数: 2471
  点源マスク: 1375ピクセル除外 / |b|<10除外込みで有効ピクセル数=10625
  f_gas=0.4208  f_ics=1.005  f_halo=0.02963  ΔlnL=27.30  有意度=7.39σ  凸性fun_spread(max)=5.09e-11  τ_max=251.01480302834014  50τ充足=False

--- Bin11 (285.33 GeV) ---
  イベント数: 1128
  点源マスク: 1375ピクセル除外 / |b|<10除外込みで有効ピクセル数=10625
  f_gas=1.356  f_ics=2.283  f_halo=0.004589  ΔlnL=3.90  有意度=2.79σ  凸性fun_spread(max)=3.64e-12  τ_max=330.41997449622295  50τ充足=False

--- Bin12 (481.93 GeV) ---
  イベント数: 528
  点源マスク: 1375ピクセル除外 / |b|<10除外込みで有効ピクセル数=10625
  f_gas=3.061  f_ics=0.9464  f_halo=0.0008685  ΔlnL=1.35  有意度=1.64σ  凸性fun_spread(max)=8.54e+03  τ_max=517.0967843559006  50τ充足=False

--- Bin13 (814.00 GeV) ---
  イベント数: 250
  点源マスク: 1375ピクセル除外 / |b|<10除外込みで有効ピクセル数=10625
  f_gas=1.529  f_ics=7.721  f_halo=8.597e-05  ΔlnL=0.16  有意度=0.56σ  凸性fun_spread(max)=3.80e+03  τ_max=405.6542893036496  50τ充足=False

→ results/mcmc_allbins_gasICS_v8_diskbubble/halo_spectrum.png

→ results/mcmc_allbins_gasICS_v8_diskbubble/halo_spectrum.json

完了。
